Archive member included to satisfy reference by file (symbol)

e:/asc/plugins/fr.ac6.mcu.externaltools.arm-none.win32_1.17.0.201812190825/tools/compiler/bin/../lib/gcc/arm-none-eabi/7.3.1/../../../../arm-none-eabi/lib/thumb/v7e-m/fpv4-sp/hard\libc.a(lib_a-errno.o)
                              src/syscalls.o (__errno)
e:/asc/plugins/fr.ac6.mcu.externaltools.arm-none.win32_1.17.0.201812190825/tools/compiler/bin/../lib/gcc/arm-none-eabi/7.3.1/../../../../arm-none-eabi/lib/thumb/v7e-m/fpv4-sp/hard\libc.a(lib_a-exit.o)
                              e:/asc/plugins/fr.ac6.mcu.externaltools.arm-none.win32_1.17.0.201812190825/tools/compiler/bin/../lib/gcc/arm-none-eabi/7.3.1/../../../../arm-none-eabi/lib/thumb/v7e-m/fpv4-sp/hard/crt0.o (exit)
e:/asc/plugins/fr.ac6.mcu.externaltools.arm-none.win32_1.17.0.201812190825/tools/compiler/bin/../lib/gcc/arm-none-eabi/7.3.1/../../../../arm-none-eabi/lib/thumb/v7e-m/fpv4-sp/hard\libc.a(lib_a-impure.o)
                              e:/asc/plugins/fr.ac6.mcu.externaltools.arm-none.win32_1.17.0.201812190825/tools/compiler/bin/../lib/gcc/arm-none-eabi/7.3.1/../../../../arm-none-eabi/lib/thumb/v7e-m/fpv4-sp/hard\libc.a(lib_a-exit.o) (_global_impure_ptr)
e:/asc/plugins/fr.ac6.mcu.externaltools.arm-none.win32_1.17.0.201812190825/tools/compiler/bin/../lib/gcc/arm-none-eabi/7.3.1/../../../../arm-none-eabi/lib/thumb/v7e-m/fpv4-sp/hard\libc.a(lib_a-init.o)
                              e:/asc/plugins/fr.ac6.mcu.externaltools.arm-none.win32_1.17.0.201812190825/tools/compiler/bin/../lib/gcc/arm-none-eabi/7.3.1/../../../../arm-none-eabi/lib/thumb/v7e-m/fpv4-sp/hard/crt0.o (__libc_init_array)
e:/asc/plugins/fr.ac6.mcu.externaltools.arm-none.win32_1.17.0.201812190825/tools/compiler/bin/../lib/gcc/arm-none-eabi/7.3.1/../../../../arm-none-eabi/lib/thumb/v7e-m/fpv4-sp/hard\libc.a(lib_a-memcpy.o)
                              src/MCAL/CAN.o (memcpy)
e:/asc/plugins/fr.ac6.mcu.externaltools.arm-none.win32_1.17.0.201812190825/tools/compiler/bin/../lib/gcc/arm-none-eabi/7.3.1/../../../../arm-none-eabi/lib/thumb/v7e-m/fpv4-sp/hard\libc.a(lib_a-memset.o)
                              e:/asc/plugins/fr.ac6.mcu.externaltools.arm-none.win32_1.17.0.201812190825/tools/compiler/bin/../lib/gcc/arm-none-eabi/7.3.1/../../../../arm-none-eabi/lib/thumb/v7e-m/fpv4-sp/hard/crt0.o (memset)
e:/asc/plugins/fr.ac6.mcu.externaltools.arm-none.win32_1.17.0.201812190825/tools/compiler/bin/../lib/gcc/arm-none-eabi/7.3.1/../../../../arm-none-eabi/lib/thumb/v7e-m/fpv4-sp/hard\libc.a(lib_a-sprintf.o)
                              src/Services_layers/debug.o (sprintf)
e:/asc/plugins/fr.ac6.mcu.externaltools.arm-none.win32_1.17.0.201812190825/tools/compiler/bin/../lib/gcc/arm-none-eabi/7.3.1/../../../../arm-none-eabi/lib/thumb/v7e-m/fpv4-sp/hard\libc.a(lib_a-strlen.o)
                              src/Services_layers/debug.o (strlen)
e:/asc/plugins/fr.ac6.mcu.externaltools.arm-none.win32_1.17.0.201812190825/tools/compiler/bin/../lib/gcc/arm-none-eabi/7.3.1/../../../../arm-none-eabi/lib/thumb/v7e-m/fpv4-sp/hard\libc.a(lib_a-svfprintf.o)
                              e:/asc/plugins/fr.ac6.mcu.externaltools.arm-none.win32_1.17.0.201812190825/tools/compiler/bin/../lib/gcc/arm-none-eabi/7.3.1/../../../../arm-none-eabi/lib/thumb/v7e-m/fpv4-sp/hard\libc.a(lib_a-sprintf.o) (_svfprintf_r)
e:/asc/plugins/fr.ac6.mcu.externaltools.arm-none.win32_1.17.0.201812190825/tools/compiler/bin/../lib/gcc/arm-none-eabi/7.3.1/../../../../arm-none-eabi/lib/thumb/v7e-m/fpv4-sp/hard\libc.a(lib_a-__call_atexit.o)
                              e:/asc/plugins/fr.ac6.mcu.externaltools.arm-none.win32_1.17.0.201812190825/tools/compiler/bin/../lib/gcc/arm-none-eabi/7.3.1/../../../../arm-none-eabi/lib/thumb/v7e-m/fpv4-sp/hard\libc.a(lib_a-exit.o) (__call_exitprocs)
e:/asc/plugins/fr.ac6.mcu.externaltools.arm-none.win32_1.17.0.201812190825/tools/compiler/bin/../lib/gcc/arm-none-eabi/7.3.1/../../../../arm-none-eabi/lib/thumb/v7e-m/fpv4-sp/hard\libc.a(lib_a-atexit.o)
                              e:/asc/plugins/fr.ac6.mcu.externaltools.arm-none.win32_1.17.0.201812190825/tools/compiler/bin/../lib/gcc/arm-none-eabi/7.3.1/../../../../arm-none-eabi/lib/thumb/v7e-m/fpv4-sp/hard\libc.a(lib_a-__call_atexit.o) (atexit)
e:/asc/plugins/fr.ac6.mcu.externaltools.arm-none.win32_1.17.0.201812190825/tools/compiler/bin/../lib/gcc/arm-none-eabi/7.3.1/../../../../arm-none-eabi/lib/thumb/v7e-m/fpv4-sp/hard\libc.a(lib_a-dtoa.o)
                              e:/asc/plugins/fr.ac6.mcu.externaltools.arm-none.win32_1.17.0.201812190825/tools/compiler/bin/../lib/gcc/arm-none-eabi/7.3.1/../../../../arm-none-eabi/lib/thumb/v7e-m/fpv4-sp/hard\libc.a(lib_a-svfprintf.o) (_dtoa_r)
e:/asc/plugins/fr.ac6.mcu.externaltools.arm-none.win32_1.17.0.201812190825/tools/compiler/bin/../lib/gcc/arm-none-eabi/7.3.1/../../../../arm-none-eabi/lib/thumb/v7e-m/fpv4-sp/hard\libc.a(lib_a-fini.o)
[...]
Memory Configuration

Name             Origin             Length             Attributes
RAM              0x20000000         0x00020000         xrw
ROM              0x08000000         0x00080000         xr
*default*        0x00000000         0xffffffff

Linker script and memory map

LOAD e:/asc/plugins/fr.ac6.mcu.externaltools.arm-none.win32_1.17.0.201812190825/tools/compiler/bin/../lib/gcc/arm-none-eabi/7.3.1/thumb/v7e-m/fpv4-sp/hard/crti.o
LOAD e:/asc/plugins/fr.ac6.mcu.externaltools.arm-none.win32_1.17.0.201812190825/tools/compiler/bin/../lib/gcc/arm-none-eabi/7.3.1/thumb/v7e-m/fpv4-sp/hard/crtbegin.o
LOAD e:/asc/plugins/fr.ac6.mcu.externaltools.arm-none.win32_1.17.0.201812190825/tools/compiler/bin/../lib/gcc/arm-none-eabi/7.3.1/../../../../arm-none-eabi/lib/thumb/v7e-m/fpv4-sp/hard/crt0.o
LOAD StdPeriph_Driver/src/misc.o
LOAD StdPeriph_Driver/src/stm32f4xx_adc.o
LOAD StdPeriph_Driver/src/stm32f4xx_can.o
LOAD StdPeriph_Driver/src/stm32f4xx_cec.o
LOAD StdPeriph_Driver/src/stm32f4xx_crc.o
LOAD StdPeriph_Driver/src/stm32f4xx_cryp.o
LOAD StdPeriph_Driver/src/stm32f4xx_cryp_aes.o
LOAD StdPeriph_Driver/src/stm32f4xx_cryp_des.o
LOAD StdPeriph_Driver/src/stm32f4xx_cryp_tdes.o
LOAD StdPeriph_Driver/src/stm32f4xx_dac.o
LOAD StdPeriph_Driver/src/stm32f4xx_dbgmcu.o
LOAD StdPeriph_Driver/src/stm32f4xx_dcmi.o
LOAD StdPeriph_Driver/src/stm32f4xx_dfsdm.o
LOAD StdPeriph_Driver/src/stm32f4xx_dma.o
LOAD StdPeriph_Driver/src/stm32f4xx_dma2d.o
LOAD StdPeriph_Driver/src/stm32f4xx_dsi.o
LOAD StdPeriph_Driver/src/stm32f4xx_exti.o
LOAD StdPeriph_Driver/src/stm32f4xx_flash.o
LOAD StdPeriph_Driver/src/stm32f4xx_flash_ramfunc.o
LOAD StdPeriph_Driver/src/stm32f4xx_fmc.o
LOAD StdPeriph_Driver/src/stm32f4xx_fmip2c.o
LOAD StdPeriph_Driver/src/stm32f4xx_fsmc.o
LOAD StdPeriph_Driver/src/stm32f4xx_gpio.o
LOAD StdPeriph_Driver/src/stm32f4xx_hash.o
LOAD StdPeriph_Driver/src/stm32f4xx_hash_md5.o
LOAD StdPeriph_Driver/src/stm32f4xx_hash_sha1.o
LOAD StdPeriph_Driver/src/stm32f4xx_i2c.o
LOAD StdPeriph_Driver/src/stm32f4xx_iwdg.o
LOAD StdPeriph_Driver/src/stm32f4xx_lptim.o
LOAD StdPeriph_Driver/src/stm32f4xx_ltdc.o
LOAD StdPeriph_Driver/src/stm32f4xx_pwr.o
LOAD StdPeriph_Driver/src/stm32f4xx_qspi.o
LOAD StdPeriph_Driver/src/stm32f4xx_rcc.o
LOAD StdPeriph_Driver/src/stm32f4xx_rng.o
LOAD StdPeriph_Driver/src/stm32f4xx_rtc.o
LOAD StdPeriph_Driver/src/stm32f4xx_sai.o
LOAD StdPeriph_Driver/src/stm32f4xx_sdio.o
LOAD StdPeriph_Driver/src/stm32f4xx_spdifrx.o
LOAD StdPeriph_Driver/src/stm32f4xx_spi.o
LOAD StdPeriph_Driver/src/stm32f4xx_syscfg.o
LOAD StdPeriph_Driver/src/stm32f4xx_tim.o
LOAD StdPeriph_Driver/src/stm32f4xx_usart.o
LOAD StdPeriph_Driver/src/stm32f4xx_wwdg.o
LOAD src/BOOT_LOADER/BOOT.o
LOAD src/MCAL/CAN.o
LOAD src/MCAL/GPIO.o
LOAD src/MCAL/RCC.o
LOAD src/MCAL/TIMER_5.o
LOAD src/MCAL/TIMER_6.o
LOAD src/MCAL/TIMER_7.o
LOAD src/MCAL/UART_2.o
LOAD src/MCAL/UART_3.o
LOAD src/Services_layers/Queue.o
LOAD src/Services_layers/Speical_Timer.o
LOAD src/Services_layers/debug.o
LOAD src/Services_layers/delay.o
LOAD src/Services_layers/utility.o
LOAD src/main.o
LOAD src/syscalls.o
LOAD src/system_stm32f4xx.o
LOAD startup/startup_stm32.o
LOAD e:/asc/plugins/fr.ac6.mcu.externaltools.arm-none.win32_1.17.0.201812190825/tools/compiler/bin/../lib/gcc/arm-none-eabi/7.3.1/../../../../arm-none-eabi/lib/thumb/v7e-m/fpv4-sp/hard\libm.a
START GROUP
LOAD e:/asc/plugins/fr.ac6.mcu.externaltools.arm-none.win32_1.17.0.201812190825/tools/compiler/bin/../lib/gcc/arm-none-eabi/7.3.1/thumb/v7e-m/fpv4-sp/hard\libgcc.a
LOAD e:/asc/plugins/fr.ac6.mcu.externaltools.arm-none.win32_1.17.0.201812190825/tools/compiler/bin/../lib/gcc/arm-none-eabi/7.3.1/../../../../arm-none-eabi/lib/thumb/v7e-m/fpv4-sp/hard\libc.a
END GROUP
LOAD e:/asc/plugins/fr.ac6.mcu.externaltools.arm-none.win32_1.17.0.201812190825/tools/compiler/bin/../lib/gcc/arm-none-eabi/7.3.1/thumb/v7e-m/fpv4-sp/hard/crtend.o
LOAD e:/asc/plugins/fr.ac6.mcu.externaltools.arm-none.win32_1.17.0.201812190825/tools/compiler/bin/../lib/gcc/arm-none-eabi/7.3.1/thumb/v7e-m/fpv4-sp/hard/crtn.o
                0x20020000                _estack = 0x20020000
                0x00000000                _Min_Heap_Size = 0x0
                0x00000400                _Min_Stack_Size = 0x400

.isr_vector     0x08000000      0x1c4
                0x08000000                . = ALIGN (0x4)
 *(.isr_vector)
 .isr_vector    0x08000000      0x1c4 startup/startup_stm32.o
                0x08000000                g_pfnVectors
                0x080001c4                . = ALIGN (0x4)

.text           0x08000200     0x1958
                0x08000200                . = ALIGN (0x4)
 *(.text)
 .text          0x08000200       0x40 e:/asc/plugins/fr.ac6.mcu.externaltools.arm-none.win32_1.17.0.201812190825/tools/compiler/bin/../lib/gcc/arm-none-eabi/7.3.1/thumb/v7e-m/fpv4-sp/hard/crtbegin.o
 .text          0x08000240      0x134 e:/asc/plugins/fr.ac6.mcu.externaltools.arm-none.win32_1.17.0.201812190825/tools/compiler/bin/../lib/gcc/arm-none-eabi/7.3.1/../../../../arm-none-eabi/lib/thumb/v7e-m/fpv4-sp/hard\libc.a(lib_a-memcpy.o)
                0x08000240                memcpy
 *fill*         0x08000374        0xc 
 .text          0x08000380       0xdc e:/asc/plugins/fr.ac6.mcu.externaltools.arm-none.win32_1.17.0.201812190825/tools/compiler/bin/../lib/gcc/arm-none-eabi/7.3.1/../../../../arm-none-eabi/lib/thumb/v7e-m/fpv4-sp/hard\libc.a(lib_a-strlen.o)
                0x08000380                strlen
 *(.text*)
 .text.CRC_ResetDR
                0x0800045c       0x18 StdPeriph_Driver/src/stm32f4xx_crc.o
                0x0800045c                CRC_ResetDR
 .text.CRC_CalcCRC
                0x08000474       0x24 StdPeriph_Driver/src/stm32f4xx_crc.o
                0x08000474                CRC_CalcCRC
 .text.FLASH_Unlock
                0x08000498       0x30 StdPeriph_Driver/src/stm32f4xx_flash.o
                0x08000498                FLASH_Unlock
 .text.FLASH_Lock
                0x080004c8       0x20 StdPeriph_Driver/src/stm32f4xx_flash.o
                0x080004c8                FLASH_Lock
 .text.FLASH_EraseSector
                0x080004e8       0xc0 StdPeriph_Driver/src/stm32f4xx_flash.o
                0x080004e8                FLASH_EraseSector
 .text.FLASH_EraseAllSectors
                0x080005a8       0xa0 StdPeriph_Driver/src/stm32f4xx_flash.o
                0x080005a8                FLASH_EraseAllSectors
 .text.FLASH_ProgramByte
                0x08000648       0x68 StdPeriph_Driver/src/stm32f4xx_flash.o
                0x08000648                FLASH_ProgramByte
 .text.FLASH_GetStatus
                0x080006b0       0x7c StdPeriph_Driver/src/stm32f4xx_flash.o
                0x080006b0                FLASH_GetStatus
 .text.FLASH_WaitForLastOperation
                0x0800072c       0x30 StdPeriph_Driver/src/stm32f4xx_flash.o
                0x0800072c                FLASH_WaitForLastOperation
 .text.NVIC_DisableIRQ
                0x0800075c       0x34 src/BOOT_LOADER/BOOT.o
 .text.BootLoader_Init
                0x08000790       0x10 src/BOOT_LOADER/BOOT.o
                0x08000790                BootLoader_Init
 .text.BootLoader_CheckNewAppBUTTON
                0x080007a0       0x42 src/BOOT_LOADER/BOOT.o
                0x080007a0                BootLoader_CheckNewAppBUTTON
 *fill*         0x080007e2        0x2 
 .text.BootLoader_CheckNewAppCAN
                0x080007e4       0x54 src/BOOT_LOADER/BOOT.o
                0x080007e4                BootLoader_CheckNewAppCAN
 .text.BootLoader_SendResponse
                0x08000838       0x20 src/BOOT_LOADER/BOOT.o
                0x08000838                BootLoader_SendResponse
 .text.BOOT_IsCommandAvailble
                0x08000858        0xe src/BOOT_LOADER/BOOT.o
                0x08000858                BOOT_IsCommandAvailble
 .text.BOOT_READ_ARRAY
                0x08000866       0x34 src/BOOT_LOADER/BOOT.o
                0x08000866                BOOT_READ_ARRAY
 .text.execute_mem_write
                0x0800089a       0x4e src/BOOT_LOADER/BOOT.o
                0x0800089a                execute_mem_write
 .text.bootloader_send_ack
                0x080008e8       0x34 src/BOOT_LOADER/BOOT.o
                0x080008e8                bootloader_send_ack
 .text.bootloader_send_nack
                0x0800091c       0x20 src/BOOT_LOADER/BOOT.o
                0x0800091c                bootloader_send_nack
 .text.bootloader_verify_crc
                0x0800093c       0x54 src/BOOT_LOADER/BOOT.o
                0x0800093c                bootloader_verify_crc
 .text.verify_address
                0x08000990       0x80 src/BOOT_LOADER/BOOT.o
                0x08000990                verify_address
 .text.execute_flash_erase
                0x08000a10       0x94 src/BOOT_LOADER/BOOT.o
                0x08000a10                execute_flash_erase
 .text.system_deinit
                0x08000aa4       0x8c src/BOOT_LOADER/BOOT.o
                0x08000aa4                system_deinit
 .text.bootloader_jump_to_user_app
                0x08000b30       0x44 src/BOOT_LOADER/BOOT.o
                0x08000b30                bootloader_jump_to_user_app
 .text.bootloader_handle_flash_erase_cmd
                0x08000b74       0x94 src/BOOT_LOADER/BOOT.o
                0x08000b74                bootloader_handle_flash_erase_cmd
 .text.bootloader_handle_mem_write_cmd
                0x08000c08       0xc4 src/BOOT_LOADER/BOOT.o
                0x08000c08                bootloader_handle_mem_write_cmd
 .text.NVIC_EnableIRQ
                0x08000ccc       0x34 src/MCAL/CAN.o
 .text.CAN1_Init
                0x08000d00      0x184 src/MCAL/CAN.o
                0x08000d00                CAN1_Init
 .text.CAN1_Transmit
                0x08000e84       0xb4 src/MCAL/CAN.o
                0x08000e84                CAN1_Transmit
 .text.Can_GetSize_Queue
                0x08000f38       0x18 src/MCAL/CAN.o
                0x08000f38                Can_GetSize_Queue
 .text.Can_Read_Queue
                0x08000f50       0x30 src/MCAL/CAN.o
                0x08000f50                Can_Read_Queue
 .text.CAN1_RX0_IRQHandler
                0x08000f80       0x9c src/MCAL/CAN.o
                0x08000f80                CAN1_RX0_IRQHandler
 .text.NVIC_ClearPendingIRQ
                0x0800101c       0x34 src/MCAL/TIMER_5.o
 .text.TIM5_IRQHandler
                0x08001050       0x2c src/MCAL/TIMER_5.o
                0x08001050                TIM5_IRQHandler
 .text.NVIC_EnableIRQ
                0x0800107c       0x34 src/MCAL/TIMER_6.o
 .text.NVIC_ClearPendingIRQ
                0x080010b0       0x34 src/MCAL/TIMER_6.o
 .text.timer_6_init
                0x080010e4       0x6c src/MCAL/TIMER_6.o
                0x080010e4                timer_6_init
 .text.timer_6_setcallback
                0x08001150       0x20 src/MCAL/TIMER_6.o
                0x08001150                timer_6_setcallback
 .text.TIM6_DAC_IRQHandler
                0x08001170       0x40 src/MCAL/TIMER_6.o
                0x08001170                TIM6_DAC_IRQHandler
 .text.NVIC_ClearPendingIRQ
                0x080011b0       0x34 src/MCAL/TIMER_7.o
 .text.TIM7_IRQHandler
                0x080011e4       0x50 src/MCAL/TIMER_7.o
                0x080011e4                TIM7_IRQHandler
 .text.uart2_pin_conf
                0x08001234       0x44 src/MCAL/UART_2.o
                0x08001234                uart2_pin_conf
 .text.UART_INIT_2
                0x08001278       0x8c src/MCAL/UART_2.o
                0x08001278                UART_INIT_2
 .text.UART_SEND
                0x08001304       0x40 src/MCAL/UART_2.o
                0x08001304                UART_SEND
 .text.UART_Write_Array
                0x08001344       0x38 src/MCAL/UART_2.o
                0x08001344                UART_Write_Array
 .text.USART3_IRQHandler
                0x0800137c       0x28 src/MCAL/UART_3.o
                0x0800137c                USART3_IRQHandler
 .text.Queue_isEmpty
                0x080013a4       0x36 src/Services_layers/Queue.o
                0x080013a4                Queue_isEmpty
 .text.Queue_isFull
                0x080013da       0x38 src/Services_layers/Queue.o
                0x080013da                Queue_isFull
 .text.Queue_getSize
                0x08001412       0x1a src/Services_layers/Queue.o
                0x08001412                Queue_getSize
 .text.Queue_Enqueue
                0x0800142c       0x68 src/Services_layers/Queue.o
                0x0800142c                Queue_Enqueue
 .text.Queue_Dequeue
                0x08001494       0x68 src/Services_layers/Queue.o
                0x08001494                Queue_Dequeue
 .text.SpecialTimer_update
                0x080014fc       0x4c src/Services_layers/Speical_Timer.o
 .text.SpecialTimer_Init
                0x08001548       0x18 src/Services_layers/Speical_Timer.o
                0x08001548                SpecialTimer_Init
 .text.SpecialTimer_Reset
                0x08001560       0x2c src/Services_layers/Speical_Timer.o
                0x08001560                SpecialTimer_Reset
 .text.SpecialTimer_Start
                0x0800158c       0x28 src/Services_layers/Speical_Timer.o
                0x0800158c                SpecialTimer_Start
 .text.SpecialTimer_Stop
                0x080015b4       0x28 src/Services_layers/Speical_Timer.o
                0x080015b4                SpecialTimer_Stop
 .text.SpecialTimer_Check
                0x080015dc       0x3c src/Services_layers/Speical_Timer.o
                0x080015dc                SpecialTimer_Check
 .text.debug_init
                0x08001618        0xc src/Services_layers/debug.o
                0x08001618                debug_init
 .text.debug_write
                0x08001624       0x28 src/Services_layers/debug.o
                0x08001624                debug_write
 .text._delay_ms
                0x0800164c       0x3e src/Services_layers/delay.o
                0x0800164c                _delay_ms
 *fill*         0x0800168a        0x2 
 .text.main     0x0800168c      0x164 src/main.o
                0x0800168c                main
 .text.SystemInit
                0x080017f0       0x6c src/system_stm32f4xx.o
                0x080017f0                SystemInit
 .text.SetSysClock
                0x0800185c      0x12c src/system_stm32f4xx.o
 .text.Reset_Handler
                0x08001988       0x50 startup/startup_stm32.o
                0x08001988                Reset_Handler
 .text.Default_Handler
                0x080019d8        0x2 startup/startup_stm32.o
                0x080019d8                RTC_Alarm_IRQHandler
                0x080019d8                EXTI2_IRQHandler
                0x080019d8                TIM8_CC_IRQHandler
                0x080019d8                SPDIF_Rx_IRQHandler
                0x080019d8                DebugMon_Handler
                0x080019d8                SPI4_IRQHandler
                0x080019d8                TIM1_CC_IRQHandler
                0x080019d8                QuadSPI_IRQHandler
                0x080019d8                DMA2_Stream5_IRQHandler
                0x080019d8                HardFault_Handler
                0x080019d8                DMA1_Stream5_IRQHandler
                0x080019d8                SysTick_Handler
                0x080019d8                PVD_IRQHandler
                0x080019d8                SDIO_IRQHandler
                0x080019d8                TAMP_STAMP_IRQHandler
                0x080019d8                PendSV_Handler
                0x080019d8                NMI_Handler
                0x080019d8                CAN2_RX1_IRQHandler
                0x080019d8                EXTI3_IRQHandler
                0x080019d8                TIM8_TRG_COM_TIM14_IRQHandler
                0x080019d8                TIM1_UP_TIM10_IRQHandler
                0x080019d8                FMPI2C1_error_IRQHandler
                0x080019d8                TIM8_UP_TIM13_IRQHandler
                0x080019d8                I2C3_ER_IRQHandler
                0x080019d8                EXTI0_IRQHandler
                0x080019d8                I2C2_EV_IRQHandler
                0x080019d8                DMA1_Stream2_IRQHandler
                0x080019d8                FPU_IRQHandler
                0x080019d8                OTG_HS_WKUP_IRQHandler
                0x080019d8                UsageFault_Handler
                0x080019d8                CAN2_SCE_IRQHandler
                0x080019d8                DMA2_Stream2_IRQHandler
                0x080019d8                SPI1_IRQHandler
                0x080019d8                TIM1_BRK_TIM9_IRQHandler
                0x080019d8                DCMI_IRQHandler
                0x080019d8                CAN2_RX0_IRQHandler
                0x080019d8                DMA2_Stream3_IRQHandler
                0x080019d8                FMPI2C1_IRQHandler
                0x080019d8                SAI2_IRQHandler
                0x080019d8                USART6_IRQHandler
                0x080019d8                CAN1_RX1_IRQHandler
                0x080019d8                UART5_IRQHandler
                0x080019d8                DMA2_Stream0_IRQHandler
                0x080019d8                TIM4_IRQHandler
                0x080019d8                I2C1_EV_IRQHandler
                0x080019d8                HDMI_CEC_IRQHandler
                0x080019d8                DMA1_Stream6_IRQHandler
                0x080019d8                DMA1_Stream1_IRQHandler
                0x080019d8                UART4_IRQHandler
                0x080019d8                TIM3_IRQHandler
                0x080019d8                RCC_IRQHandler
                0x080019d8                TIM8_BRK_TIM12_IRQHandler
                0x080019d8                Default_Handler
                0x080019d8                EXTI15_10_IRQHandler
                0x080019d8                ADC_IRQHandler
                0x080019d8                DMA1_Stream7_IRQHandler
                0x080019d8                CAN2_TX_IRQHandler
                0x080019d8                DMA2_Stream7_IRQHandler
                0x080019d8                I2C3_EV_IRQHandler
                0x080019d8                EXTI9_5_IRQHandler
                0x080019d8                RTC_WKUP_IRQHandler
                0x080019d8                SPI2_IRQHandler
                0x080019d8                OTG_HS_EP1_IN_IRQHandler
                0x080019d8                MemManage_Handler
                0x080019d8                DMA1_Stream0_IRQHandler
                0x080019d8                CAN1_TX_IRQHandler
                0x080019d8                SVC_Handler
                0x080019d8                EXTI4_IRQHandler
                0x080019d8                OTG_HS_EP1_OUT_IRQHandler
                0x080019d8                WWDG_IRQHandler
                0x080019d8                TIM2_IRQHandler
                0x080019d8                OTG_FS_WKUP_IRQHandler
                0x080019d8                TIM1_TRG_COM_TIM11_IRQHandler
                0x080019d8                OTG_HS_IRQHandler
                0x080019d8                EXTI1_IRQHandler
                0x080019d8                USART2_IRQHandler
                0x080019d8                I2C2_ER_IRQHandler
                0x080019d8                DMA2_Stream1_IRQHandler
                0x080019d8                CAN1_SCE_IRQHandler
                0x080019d8                FLASH_IRQHandler
                0x080019d8                DMA2_Stream4_IRQHandler
                0x080019d8                BusFault_Handler
                0x080019d8                USART1_IRQHandler
                0x080019d8                OTG_FS_IRQHandler
                0x080019d8                SPI3_IRQHandler
                0x080019d8                DMA1_Stream4_IRQHandler
                0x080019d8                I2C1_ER_IRQHandler
                0x080019d8                FMC_IRQHandler
                0x080019d8                DMA2_Stream6_IRQHandler
                0x080019d8                SAI1_IRQHandler
                0x080019d8                DMA1_Stream3_IRQHandler
 *fill*         0x080019da        0x2 
 .text.__libc_init_array
                0x080019dc       0x48 e:/asc/plugins/fr.ac6.mcu.externaltools.arm-none.win32_1.17.0.201812190825/tools/compiler/bin/../lib/gcc/arm-none-eabi/7.3.1/../../../../arm-none-eabi/lib/thumb/v7e-m/fpv4-sp/hard\libc.a(lib_a-init.o)
                0x080019dc                __libc_init_array
 .text.startup.register_fini
                0x08001a24       0x14 e:/asc/plugins/fr.ac6.mcu.externaltools.arm-none.win32_1.17.0.201812190825/tools/compiler/bin/../lib/gcc/arm-none-eabi/7.3.1/../../../../arm-none-eabi/lib/thumb/v7e-m/fpv4-sp/hard\libc.a(lib_a-__call_atexit.o)
 .text.atexit   0x08001a38        0xc e:/asc/plugins/fr.ac6.mcu.externaltools.arm-none.win32_1.17.0.201812190825/tools/compiler/bin/../lib/gcc/arm-none-eabi/7.3.1/../../../../arm-none-eabi/lib/thumb/v7e-m/fpv4-sp/hard\libc.a(lib_a-atexit.o)
                0x08001a38                atexit
 .text.__libc_fini_array
                0x08001a44       0x34 e:/asc/plugins/fr.ac6.mcu.externaltools.arm-none.win32_1.17.0.201812190825/tools/compiler/bin/../lib/gcc/arm-none-eabi/7.3.1/../../../../arm-none-eabi/lib/thumb/v7e-m/fpv4-sp/hard\libc.a(lib_a-fini.o)
                0x08001a44                __libc_fini_array
 .text.__retarget_lock_acquire_recursive
                0x08001a78        0x4 e:/asc/plugins/fr.ac6.mcu.externaltools.arm-none.win32_1.17.0.201812190825/tools/compiler/bin/../lib/gcc/arm-none-eabi/7.3.1/../../../../arm-none-eabi/lib/thumb/v7e-m/fpv4-sp/hard\libc.a(lib_a-lock.o)
                0x08001a78                __retarget_lock_acquire_recursive
 .text.__retarget_lock_release_recursive
                0x08001a7c        0x4 e:/asc/plugins/fr.ac6.mcu.externaltools.arm-none.win32_1.17.0.201812190825/tools/compiler/bin/../lib/gcc/arm-none-eabi/7.3.1/../../../../arm-none-eabi/lib/thumb/v7e-m/fpv4-sp/hard\libc.a(lib_a-lock.o)
                0x08001a7c                __retarget_lock_release_recursive
 .text.__register_exitproc
                0x08001a80       0xc0 e:/asc/plugins/fr.ac6.mcu.externaltools.arm-none.win32_1.17.0.201812190825/tools/compiler/bin/../lib/gcc/arm-none-eabi/7.3.1/../../../../arm-none-eabi/lib/thumb/v7e-m/fpv4-sp/hard\libc.a(lib_a-__atexit.o)
                0x08001a80                __register_exitproc
 *(.glue_7)
 .glue_7        0x08001b40        0x0 linker stubs
 *(.glue_7t)
 .glue_7t       0x08001b40        0x0 linker stubs
 *(.eh_frame)
 .eh_frame      0x08001b40        0x0 e:/asc/plugins/fr.ac6.mcu.externaltools.arm-none.win32_1.17.0.201812190825/tools/compiler/bin/../lib/gcc/arm-none-eabi/7.3.1/thumb/v7e-m/fpv4-sp/hard/crtbegin.o
 *(.init)
 .init          0x08001b40        0x4 e:/asc/plugins/fr.ac6.mcu.externaltools.arm-none.win32_1.17.0.201812190825/tools/compiler/bin/../lib/gcc/arm-none-eabi/7.3.1/thumb/v7e-m/fpv4-sp/hard/crti.o
                0x08001b40                _init
 .init          0x08001b44        0x8 e:/asc/plugins/fr.ac6.mcu.externaltools.arm-none.win32_1.17.0.201812190825/tools/compiler/bin/../lib/gcc/arm-none-eabi/7.3.1/thumb/v7e-m/fpv4-sp/hard/crtn.o
 *(.fini)
 .fini          0x08001b4c        0x4 e:/asc/plugins/fr.ac6.mcu.externaltools.arm-none.win32_1.17.0.201812190825/tools/compiler/bin/../lib/gcc/arm-none-eabi/7.3.1/thumb/v7e-m/fpv4-sp/hard/crti.o
                0x08001b4c                _fini
 .fini          0x08001b50        0x8 e:/asc/plugins/fr.ac6.mcu.externaltools.arm-none.win32_1.17.0.201812190825/tools/compiler/bin/../lib/gcc/arm-none-eabi/7.3.1/thumb/v7e-m/fpv4-sp/hard/crtn.o
                0x08001b58                . = ALIGN (0x4)
                0x08001b58                _etext = .

.vfp11_veneer   0x08001b58        0x0
 .vfp11_veneer  0x08001b58        0x0 linker stubs

.v4_bx          0x08001b58        0x0
 .v4_bx         0x08001b58        0x0 linker stubs

.iplt           0x08001b58        0x0
 .iplt          0x08001b58        0x0 e:/asc/plugins/fr.ac6.mcu.externaltools.arm-none.win32_1.17.0.201812190825/tools/compiler/bin/../lib/gcc/arm-none-eabi/7.3.1/thumb/v7e-m/fpv4-sp/hard/crtbegin.o

.rodata         0x08001b58      0x194
                0x08001b58                . = ALIGN (0x4)
 *(.rodata)
 .rodata        0x08001b58       0xfa src/BOOT_LOADER/BOOT.o
 *fill*         0x08001c52        0x2 
 .rodata        0x08001c54       0x92 src/main.o
 *(.rodata*)
 *fill*         0x08001ce6        0x2 
 .rodata._global_impure_ptr
                0x08001ce8        0x4 e:/asc/plugins/fr.ac6.mcu.externaltools.arm-none.win32_1.17.0.201812190825/tools/compiler/bin/../lib/gcc/arm-none-eabi/7.3.1/../../../../arm-none-eabi/lib/thumb/v7e-m/fpv4-sp/hard\libc.a(lib_a-impure.o)
                0x08001ce8                _global_impure_ptr
                0x08001cec                . = ALIGN (0x4)

.rel.dyn        0x08001cec        0x0
 .rel.iplt      0x08001cec        0x0 e:/asc/plugins/fr.ac6.mcu.externaltools.arm-none.win32_1.17.0.201812190825/tools/compiler/bin/../lib/gcc/arm-none-eabi/7.3.1/thumb/v7e-m/fpv4-sp/hard/crtbegin.o

.ARM.extab      0x08001cec        0x0
                0x08001cec                . = ALIGN (0x4)
 *(.ARM.extab* .gnu.linkonce.armextab.*)
                0x08001cec                . = ALIGN (0x4)

.ARM            0x08001cec        0x0
                0x08001cec                . = ALIGN (0x4)
                0x08001cec                __exidx_start = .
 *(.ARM.exidx*)
                0x08001cec                __exidx_end = .
                0x08001cec                . = ALIGN (0x4)

.preinit_array  0x08001cec        0x0
                0x08001cec                . = ALIGN (0x4)
                0x08001cec                PROVIDE (__preinit_array_start = .)
 *(.preinit_array*)
                0x08001cec                PROVIDE (__preinit_array_end = .)
                0x08001cec                . = ALIGN (0x4)

.init_array     0x08001cec        0x8
                0x08001cec                . = ALIGN (0x4)
                0x08001cec                PROVIDE (__init_array_start = .)
 *(SORT_BY_NAME(.init_array.*))
 .init_array.00000
                0x08001cec        0x4 e:/asc/plugins/fr.ac6.mcu.externaltools.arm-none.win32_1.17.0.201812190825/tools/compiler/bin/../lib/gcc/arm-none-eabi/7.3.1/../../../../arm-none-eabi/lib/thumb/v7e-m/fpv4-sp/hard\libc.a(lib_a-__call_atexit.o)
 *(.init_array*)
 .init_array    0x08001cf0        0x4 e:/asc/plugins/fr.ac6.mcu.externaltools.arm-none.win32_1.17.0.201812190825/tools/compiler/bin/../lib/gcc/arm-none-eabi/7.3.1/thumb/v7e-m/fpv4-sp/hard/crtbegin.o
                0x08001cf4                PROVIDE (__init_array_end = .)
                0x08001cf4                . = ALIGN (0x4)

.fini_array     0x08001cf4        0x4
                0x08001cf4                . = ALIGN (0x4)
                0x08001cf4                PROVIDE (__fini_array_start = .)
 *(SORT_BY_NAME(.fini_array.*))
 *(.fini_array*)
 .fini_array    0x08001cf4        0x4 e:/asc/plugins/fr.ac6.mcu.externaltools.arm-none.win32_1.17.0.201812190825/tools/compiler/bin/../lib/gcc/arm-none-eabi/7.3.1/thumb/v7e-m/fpv4-sp/hard/crtbegin.o
                0x08001cf8                PROVIDE (__fini_array_end = .)
                0x08001cf8                . = ALIGN (0x4)
                0x08001cf8                _sidata = LOADADDR (.data)

.data           0x20000000      0x42c load address 0x08001cf8
                0x20000000                . = ALIGN (0x4)
                0x20000000                _sdata = .
 *(.data)
 *(.data*)
 .data.impure_data
                0x20000000      0x428 e:/asc/plugins/fr.ac6.mcu.externaltools.arm-none.win32_1.17.0.201812190825/tools/compiler/bin/../lib/gcc/arm-none-eabi/7.3.1/../../../../arm-none-eabi/lib/thumb/v7e-m/fpv4-sp/hard\libc.a(lib_a-impure.o)
 .data.__atexit_recursive_mutex
                0x20000428        0x4 e:/asc/plugins/fr.ac6.mcu.externaltools.arm-none.win32_1.17.0.201812190825/tools/compiler/bin/../lib/gcc/arm-none-eabi/7.3.1/../../../../arm-none-eabi/lib/thumb/v7e-m/fpv4-sp/hard\libc.a(lib_a-__call_atexit.o)
                0x20000428                __atexit_recursive_mutex
                0x2000042c                . = ALIGN (0x4)
                0x2000042c                _edata = .

.igot.plt       0x2000042c        0x0 load address 0x08002124
 .igot.plt      0x2000042c        0x0 e:/asc/plugins/fr.ac6.mcu.externaltools.arm-none.win32_1.17.0.201812190825/tools/compiler/bin/../lib/gcc/arm-none-eabi/7.3.1/thumb/v7e-m/fpv4-sp/hard/crtbegin.o
                0x2000042c                . = ALIGN (0x4)

.bss            0x20000430      0x408 load address 0x08002124
                0x20000430                _sbss = .
                0x20000430                __bss_start__ = _sbss
 *(.bss)
 .bss           0x20000430       0x1c e:/asc/plugins/fr.ac6.mcu.externaltools.arm-none.win32_1.17.0.201812190825/tools/compiler/bin/../lib/gcc/arm-none-eabi/7.3.1/thumb/v7e-m/fpv4-sp/hard/crtbegin.o
 *fill*         0x2000044c        0x4 
 .bss           0x20000450        0x8 src/MCAL/TIMER_6.o
 *(.bss*)
 *(COMMON)
 COMMON         0x20000458      0x138 src/MCAL/CAN.o
                0x20000458                BOOT_CAN_QUEUE
 COMMON         0x20000590        0x4 src/MCAL/TIMER_5.o
                0x20000590                timer_5_ptr
 COMMON         0x20000594        0x4 src/MCAL/TIMER_6.o
                0x20000594                timer_6_ptr
 COMMON         0x20000598        0xc src/MCAL/TIMER_7.o
                0x20000598                timer_77_ptr
                0x2000059c                timer_7_ptr
                0x200005a0                timer_777_ptr
 COMMON         0x200005a4      0x138 src/MCAL/UART_3.o
                0x200005a4                BOOT
 COMMON         0x200006dc        0xc src/Services_layers/Speical_Timer.o
                0x200006dc                Counter_S_Timer_flag
                0x200006e0                Counter_S_Timer
 COMMON         0x200006e8      0x12c src/main.o
                0x200006e8                BOOTLOADER_RX_BUFFER
 COMMON         0x20000814       0x21 e:/asc/plugins/fr.ac6.mcu.externaltools.arm-none.win32_1.17.0.201812190825/tools/compiler/bin/../lib/gcc/arm-none-eabi/7.3.1/../../../../arm-none-eabi/lib/thumb/v7e-m/fpv4-sp/hard\libc.a(lib_a-lock.o)
                0x20000814                __lock___atexit_recursive_mutex
                0x20000818                __lock___arc4random_mutex
                0x2000081c                __lock___env_recursive_mutex
                0x20000820                __lock___sinit_recursive_mutex
                0x20000824                __lock___malloc_recursive_mutex
                0x20000828                __lock___at_quick_exit_mutex
                0x2000082c                __lock___dd_hash_mutex
                0x20000830                __lock___tz_mutex
                0x20000834                __lock___sfp_recursive_mutex
                0x20000838                . = ALIGN (0x4)
 *fill*         0x20000835        0x3 
                0x20000838                _ebss = .
                0x20000838                __bss_end__ = _ebss

._user_heap_stack
                0x20000838      0x400 load address 0x08002124
                0x20000838                . = ALIGN (0x8)
                0x20000838                PROVIDE (end = .)
                [!provide]                PROVIDE (_end = .)
                0x20000838                . = (. + _Min_Heap_Size)
                0x20000c38                . = (. + _Min_Stack_Size)
 *fill*         0x20000838      0x400 
                0x20000c38                . = ALIGN (0x8)

/DISCARD/
 libc.a(*)
 libm.a(*)
 libgcc.a(*)

.ARM.attributes
                0x00000000       0x30
 *(.ARM.attributes)
 .ARM.attributes
                0x00000000       0x22 e:/asc/plugins/fr.ac6.mcu.externaltools.arm-none.win32_1.17.0.201812190825/tools/compiler/bin/../lib/gcc/arm-none-eabi/7.3.1/thumb/v7e-m/fpv4-sp/hard/crti.o
 .ARM.attributes
                0x00000022       0x34 e:/asc/plugins/fr.ac6.mcu.externaltools.arm-none.win32_1.17.0.201812190825/tools/compiler/bin/../lib/gcc/arm-none-eabi/7.3.1/thumb/v7e-m/fpv4-sp/hard/crtbegin.o
 .ARM.attributes
                0x00000056       0x39 StdPeriph_Driver/src/stm32f4xx_crc.o
 .ARM.attributes
                0x0000008f       0x39 StdPeriph_Driver/src/stm32f4xx_flash.o
 .ARM.attributes
                0x000000c8       0x39 src/BOOT_LOADER/BOOT.o
 .ARM.attributes
                0x00000101       0x39 src/MCAL/CAN.o
 .ARM.attributes
                0x0000013a       0x39 src/MCAL/TIMER_5.o
 .ARM.attributes
                0x00000173       0x39 src/MCAL/TIMER_6.o
 .ARM.attributes
                0x000001ac       0x39 src/MCAL/TIMER_7.o
 .ARM.attributes
                0x000001e5       0x39 src/MCAL/UART_2.o
 .ARM.attributes
                0x0000021e       0x39 src/MCAL/UART_3.o
 .ARM.attributes
                0x00000257       0x39 src/Services_layers/Queue.o
 .ARM.attributes
                0x00000290       0x39 src/Services_layers/Speical_Timer.o
 .ARM.attributes
                0x000002c9       0x39 src/Services_layers/debug.o
 .ARM.attributes
                0x00000302       0x39 src/Services_layers/delay.o
 .ARM.attributes
                0x0000033b       0x39 src/main.o
 .ARM.attributes
                0x00000374       0x39 src/system_stm32f4xx.o
 .ARM.attributes
                0x000003ad       0x21 startup/startup_stm32.o
 .ARM.attributes
                0x000003ce       0x34 e:/asc/plugins/fr.ac6.mcu.externaltools.arm-none.win32_1.17.0.201812190825/tools/compiler/bin/../lib/gcc/arm-none-eabi/7.3.1/../../../../arm-none-eabi/lib/thumb/v7e-m/fpv4-sp/hard\libc.a(lib_a-impure.o)
 .ARM.attributes
                0x00000402       0x34 e:/asc/plugins/fr.ac6.mcu.externaltools.arm-none.win32_1.17.0.201812190825/tools/compiler/bin/../lib/gcc/arm-none-eabi/7.3.1/../../../../arm-none-eabi/lib/thumb/v7e-m/fpv4-sp/hard\libc.a(lib_a-init.o)
 .ARM.attributes
                0x00000436       0x20 e:/asc/plugins/fr.ac6.mcu.externaltools.arm-none.win32_1.17.0.201812190825/tools/compiler/bin/../lib/gcc/arm-none-eabi/7.3.1/../../../../arm-none-eabi/lib/thumb/v7e-m/fpv4-sp/hard\libc.a(lib_a-memcpy.o)
 .ARM.attributes
                0x00000456       0x20 e:/asc/plugins/fr.ac6.mcu.externaltools.arm-none.win32_1.17.0.201812190825/tools/compiler/bin/../lib/gcc/arm-none-eabi/7.3.1/../../../../arm-none-eabi/lib/thumb/v7e-m/fpv4-sp/hard\libc.a(lib_a-strlen.o)
 .ARM.attributes
                0x00000476       0x34 e:/asc/plugins/fr.ac6.mcu.externaltools.arm-none.win32_1.17.0.201812190825/tools/compiler/bin/../lib/gcc/arm-none-eabi/7.3.1/../../../../arm-none-eabi/lib/thumb/v7e-m/fpv4-sp/hard\libc.a(lib_a-__call_atexit.o)
 .ARM.attributes
                0x000004aa       0x34 e:/asc/plugins/fr.ac6.mcu.externaltools.arm-none.win32_1.17.0.201812190825/tools/compiler/bin/../lib/gcc/arm-none-eabi/7.3.1/../../../../arm-none-eabi/lib/thumb/v7e-m/fpv4-sp/hard\libc.a(lib_a-atexit.o)
 .ARM.attributes
                0x000004de       0x34 e:/asc/plugins/fr.ac6.mcu.externaltools.arm-none.win32_1.17.0.201812190825/tools/compiler/bin/../lib/gcc/arm-none-eabi/7.3.1/../../../../arm-none-eabi/lib/thumb/v7e-m/fpv4-sp/hard\libc.a(lib_a-fini.o)
 .ARM.attributes
                0x00000512       0x34 e:/asc/plugins/fr.ac6.mcu.externaltools.arm-none.win32_1.17.0.201812190825/tools/compiler/bin/../lib/gcc/arm-none-eabi/7.3.1/../../../../arm-none-eabi/lib/thumb/v7e-m/fpv4-sp/hard\libc.a(lib_a-lock.o)
 .ARM.attributes
                0x00000546       0x34 e:/asc/plugins/fr.ac6.mcu.externaltools.arm-none.win32_1.17.0.201812190825/tools/compiler/bin/../lib/gcc/arm-none-eabi/7.3.1/../../../../arm-none-eabi/lib/thumb/v7e-m/fpv4-sp/hard\libc.a(lib_a-__atexit.o)
 .ARM.attributes
                0x0000057a       0x22 e:/asc/plugins/fr.ac6.mcu.externaltools.arm-none.win32_1.17.0.201812190825/tools/compiler/bin/../lib/gcc/arm-none-eabi/7.3.1/thumb/v7e-m/fpv4-sp/hard/crtn.o
OUTPUT(BOOT___LOADER3.elf elf32-littlearm)

.debug_info     0x00000000     0x7add
 .debug_info    0x00000000      0x214 StdPeriph_Driver/src/stm32f4xx_crc.o
 .debug_info    0x00000214      0x947 StdPeriph_Driver/src/stm32f4xx_flash.o
 .debug_info    0x00000b5b     0x166a src/BOOT_LOADER/BOOT.o
 .debug_info    0x000021c5      0xb53 src/MCAL/CAN.o
 .debug_info    0x00002d18      0xaa9 src/MCAL/TIMER_5.o
 .debug_info    0x000037c1      0x927 src/MCAL/TIMER_6.o
 .debug_info    0x000040e8      0x934 src/MCAL/TIMER_7.o
 .debug_info    0x00004a1c      0x50d src/MCAL/UART_2.o
 .debug_info    0x00004f29      0xa0c src/MCAL/UART_3.o
 .debug_info    0x00005935      0x182 src/Services_layers/Queue.o
 .debug_info    0x00005ab7      0x26f src/Services_layers/Speical_Timer.o
 .debug_info    0x00005d26      0xad7 src/Services_layers/debug.o
 .debug_info    0x000067fd       0x6b src/Services_layers/delay.o
 .debug_info    0x00006868      0xc32 src/main.o
 .debug_info    0x0000749a      0x621 src/system_stm32f4xx.o
 .debug_info    0x00007abb       0x22 startup/startup_stm32.o

.debug_abbrev   0x00000000     0x1933
 .debug_abbrev  0x00000000      0x12a StdPeriph_Driver/src/stm32f4xx_crc.o
 .debug_abbrev  0x0000012a      0x1a3 StdPeriph_Driver/src/stm32f4xx_flash.o
 .debug_abbrev  0x000002cd      0x347 src/BOOT_LOADER/BOOT.o
 .debug_abbrev  0x00000614      0x245 src/MCAL/CAN.o
 .debug_abbrev  0x00000859      0x1ac src/MCAL/TIMER_5.o
 .debug_abbrev  0x00000a05      0x1e6 src/MCAL/TIMER_6.o
 .debug_abbrev  0x00000beb      0x1ac src/MCAL/TIMER_7.o
 .debug_abbrev  0x00000d97      0x150 src/MCAL/UART_2.o
 .debug_abbrev  0x00000ee7      0x242 src/MCAL/UART_3.o
 .debug_abbrev  0x00001129       0xf0 src/Services_layers/Queue.o
 .debug_abbrev  0x00001219      0x12c src/Services_layers/Speical_Timer.o
 .debug_abbrev  0x00001345      0x206 src/Services_layers/debug.o
 .debug_abbrev  0x0000154b       0x5a src/Services_layers/delay.o
 .debug_abbrev  0x000015a5      0x21f src/main.o
 .debug_abbrev  0x000017c4      0x15d src/system_stm32f4xx.o
 .debug_abbrev  0x00001921       0x12 startup/startup_stm32.o

.debug_aranges  0x00000000      0x588
 .debug_aranges
                0x00000000       0x48 StdPeriph_Driver/src/stm32f4xx_crc.o
 .debug_aranges
                0x00000048      0x158 StdPeriph_Driver/src/stm32f4xx_flash.o
 .debug_aranges
                0x000001a0       0xa0 src/BOOT_LOADER/BOOT.o
 .debug_aranges
                0x00000240       0x48 src/MCAL/CAN.o
 .debug_aranges
                0x00000288       0x48 src/MCAL/TIMER_5.o
 .debug_aranges
                0x000002d0       0x50 src/MCAL/TIMER_6.o
 .debug_aranges
                0x00000320       0x58 src/MCAL/TIMER_7.o
 .debug_aranges
                0x00000378       0x40 src/MCAL/UART_2.o
 .debug_aranges
                0x000003b8       0x60 src/MCAL/UART_3.o
 .debug_aranges
                0x00000418       0x40 src/Services_layers/Queue.o
 .debug_aranges
                0x00000458       0x58 src/Services_layers/Speical_Timer.o
 .debug_aranges
                0x000004b0       0x40 src/Services_layers/debug.o
 .debug_aranges
                0x000004f0       0x20 src/Services_layers/delay.o
 .debug_aranges
                0x00000510       0x20 src/main.o
 .debug_aranges
                0x00000530       0x30 src/system_stm32f4xx.o
 .debug_aranges
                0x00000560       0x28 startup/startup_stm32.o

.debug_ranges   0x00000000      0x490
 .debug_ranges  0x00000000       0x38 StdPeriph_Driver/src/stm32f4xx_crc.o
 .debug_ranges  0x00000038      0x148 StdPeriph_Driver/src/stm32f4xx_flash.o
 .debug_ranges  0x00000180       0x90 src/BOOT_LOADER/BOOT.o
 .debug_ranges  0x00000210       0x38 src/MCAL/CAN.o
 .debug_ranges  0x00000248       0x38 src/MCAL/TIMER_5.o
 .debug_ranges  0x00000280       0x40 src/MCAL/TIMER_6.o
 .debug_ranges  0x000002c0       0x48 src/MCAL/TIMER_7.o
 .debug_ranges  0x00000308       0x30 src/MCAL/UART_2.o
 .debug_ranges  0x00000338       0x50 src/MCAL/UART_3.o
 .debug_ranges  0x00000388       0x30 src/Services_layers/Queue.o
 .debug_ranges  0x000003b8       0x48 src/Services_layers/Speical_Timer.o
 .debug_ranges  0x00000400       0x30 src/Services_layers/debug.o
 .debug_ranges  0x00000430       0x10 src/Services_layers/delay.o
 .debug_ranges  0x00000440       0x10 src/main.o
 .debug_ranges  0x00000450       0x20 src/system_stm32f4xx.o
 .debug_ranges  0x00000470       0x20 startup/startup_stm32.o

.debug_macro    0x00000000     0x2e90
 .debug_macro   0x00000000      0x1f2 StdPeriph_Driver/src/stm32f4xx_crc.o
 .debug_macro   0x000001f2      0x1fe StdPeriph_Driver/src/stm32f4xx_flash.o
 .debug_macro   0x000003f0      0x416 StdPeriph_Driver/src/stm32f4xx_flash.o
 .debug_macro   0x00000806      0x30e src/BOOT_LOADER/BOOT.o
 .debug_macro   0x00000b14       0xca src/BOOT_LOADER/BOOT.o
 .debug_macro   0x00000bde       0x5e src/BOOT_LOADER/BOOT.o
 .debug_macro   0x00000c3c       0x18 src/BOOT_LOADER/BOOT.o
 .debug_macro   0x00000c54       0x35 src/BOOT_LOADER/BOOT.o
 .debug_macro   0x00000c89       0x34 src/BOOT_LOADER/BOOT.o
 .debug_macro   0x00000cbd      0x174 src/BOOT_LOADER/BOOT.o
 .debug_macro   0x00000e31       0x58 src/BOOT_LOADER/BOOT.o
 .debug_macro   0x00000e89       0x1f src/BOOT_LOADER/BOOT.o
 .debug_macro   0x00000ea8       0x43 src/BOOT_LOADER/BOOT.o
 .debug_macro   0x00000eeb       0x20 src/BOOT_LOADER/BOOT.o
 .debug_macro   0x00000f0b      0x18e src/BOOT_LOADER/BOOT.o
 .debug_macro   0x00001099      0x330 src/BOOT_LOADER/BOOT.o
 .debug_macro   0x000013c9       0x10 src/BOOT_LOADER/BOOT.o
 .debug_macro   0x000013d9       0x35 src/BOOT_LOADER/BOOT.o
 .debug_macro   0x0000140e       0x22 src/BOOT_LOADER/BOOT.o
 .debug_macro   0x00001430       0x10 src/BOOT_LOADER/BOOT.o
 .debug_macro   0x00001440      0x218 src/MCAL/CAN.o
 .debug_macro   0x00001658      0x1f2 src/MCAL/TIMER_5.o
 .debug_macro   0x0000184a      0x20c src/MCAL/TIMER_6.o
 .debug_macro   0x00001a56      0x1f2 src/MCAL/TIMER_7.o
 .debug_macro   0x00001c48      0x202 src/MCAL/UART_2.o
 .debug_macro   0x00001e4a      0x215 src/MCAL/UART_3.o
 .debug_macro   0x0000205f       0x1a src/Services_layers/Queue.o
 .debug_macro   0x00002079       0x81 src/Services_layers/Speical_Timer.o
 .debug_macro   0x000020fa      0x37e src/Services_layers/debug.o
 .debug_macro   0x00002478       0x1c src/Services_layers/debug.o
 .debug_macro   0x00002494       0x10 src/Services_layers/debug.o
 .debug_macro   0x000024a4       0x10 src/Services_layers/debug.o
 .debug_macro   0x000024b4       0x1c src/Services_layers/debug.o
 .debug_macro   0x000024d0       0x52 src/Services_layers/debug.o
 .debug_macro   0x00002522       0x40 src/Services_layers/debug.o
 .debug_macro   0x00002562       0x10 src/Services_layers/debug.o
 .debug_macro   0x00002572       0x40 src/Services_layers/debug.o
 .debug_macro   0x000025b2       0xd7 src/Services_layers/debug.o
 .debug_macro   0x00002689       0x1c src/Services_layers/debug.o
 .debug_macro   0x000026a5       0x3d src/Services_layers/debug.o
 .debug_macro   0x000026e2       0x16 src/Services_layers/debug.o
 .debug_macro   0x000026f8      0x16f src/Services_layers/debug.o
 .debug_macro   0x00002867       0x11 src/Services_layers/delay.o
 .debug_macro   0x00002878      0x2e3 src/main.o
 .debug_macro   0x00002b5b       0x58 src/main.o
 .debug_macro   0x00002bb3       0xc4 src/main.o
 .debug_macro   0x00002c77      0x219 src/system_stm32f4xx.o

.debug_line     0x00000000     0x5fa7
 .debug_line    0x00000000      0x6b6 StdPeriph_Driver/src/stm32f4xx_crc.o
 .debug_line    0x000006b6      0x9c7 StdPeriph_Driver/src/stm32f4xx_flash.o
 .debug_line    0x0000107d      0x9ae src/BOOT_LOADER/BOOT.o
 .debug_line    0x00001a2b      0x74c src/MCAL/CAN.o
 .debug_line    0x00002177      0x6ab src/MCAL/TIMER_5.o
 .debug_line    0x00002822      0x6f4 src/MCAL/TIMER_6.o
 .debug_line    0x00002f16      0x6d7 src/MCAL/TIMER_7.o
 .debug_line    0x000035ed      0x6b7 src/MCAL/UART_2.o
 .debug_line    0x00003ca4      0x76e src/MCAL/UART_3.o
 .debug_line    0x00004412       0xd9 src/Services_layers/Queue.o
 .debug_line    0x000044eb      0x37a src/Services_layers/Speical_Timer.o
 .debug_line    0x00004865      0x81b src/Services_layers/debug.o
 .debug_line    0x00005080       0x67 src/Services_layers/delay.o
 .debug_line    0x000050e7      0x770 src/main.o
 .debug_line    0x00005857      0x6d4 src/system_stm32f4xx.o
 .debug_line    0x00005f2b       0x7c startup/startup_stm32.o

.debug_str      0x00000000    0x729f4
 .debug_str     0x00000000    0x6cd0f StdPeriph_Driver/src/stm32f4xx_crc.o
                              0x6cfa7 (size before relaxing)
 .debug_str     0x0006cd0f      0x51a StdPeriph_Driver/src/stm32f4xx_flash.o
                              0x6d41e (size before relaxing)
 .debug_str     0x0006d229     0x3c1d src/BOOT_LOADER/BOOT.o
                              0x70cba (size before relaxing)
 .debug_str     0x00070e46      0x1cf src/MCAL/CAN.o
                              0x6d8cb (size before relaxing)
 .debug_str     0x00071015       0xd6 src/MCAL/TIMER_5.o
                              0x6d6ef (size before relaxing)
 .debug_str     0x000710eb       0x85 src/MCAL/TIMER_6.o
                              0x6d6e1 (size before relaxing)
 .debug_str     0x00071170       0x99 src/MCAL/TIMER_7.o
                              0x6d65a (size before relaxing)
 .debug_str     0x00071209       0x5f src/MCAL/UART_2.o
                              0x6d0c7 (size before relaxing)
 .debug_str     0x00071268       0xf1 src/MCAL/UART_3.o
                              0x6d736 (size before relaxing)
 .debug_str     0x00071359       0x71 src/Services_layers/Queue.o
                               0x2dde (size before relaxing)
 .debug_str     0x000713ca       0xfe src/Services_layers/Speical_Timer.o
                               0x3dc2 (size before relaxing)
 .debug_str     0x000714c8     0x12da src/Services_layers/debug.o
                              0x710c8 (size before relaxing)
 .debug_str     0x000727a2       0x29 src/Services_layers/delay.o
                               0x2d22 (size before relaxing)
 .debug_str     0x000727cb      0x127 src/main.o
                              0x70419 (size before relaxing)
 .debug_str     0x000728f2       0xd9 src/system_stm32f4xx.o
                              0x6d15b (size before relaxing)
 .debug_str     0x000729cb       0x29 startup/startup_stm32.o
                                 0x5f (size before relaxing)

.comment        0x00000000       0x7f
 .comment       0x00000000       0x7f StdPeriph_Driver/src/stm32f4xx_crc.o
                                 0x80 (size before relaxing)
 .comment       0x0000007f       0x80 StdPeriph_Driver/src/stm32f4xx_flash.o
 .comment       0x0000007f       0x80 src/BOOT_LOADER/BOOT.o
 .comment       0x0000007f       0x80 src/MCAL/CAN.o
 .comment       0x0000007f       0x80 src/MCAL/TIMER_5.o
 .comment       0x0000007f       0x80 src/MCAL/TIMER_6.o
 .comment       0x0000007f       0x80 src/MCAL/TIMER_7.o
 .comment       0x0000007f       0x80 src/MCAL/UART_2.o
 .comment       0x0000007f       0x80 src/MCAL/UART_3.o
 .comment       0x0000007f       0x80 src/Services_layers/Queue.o
 .comment       0x0000007f       0x80 src/Services_layers/Speical_Timer.o
 .comment       0x0000007f       0x80 src/Services_layers/debug.o
 .comment       0x0000007f       0x80 src/Services_layers/delay.o
 .comment       0x0000007f       0x80 src/main.o
 .comment       0x0000007f       0x80 src/system_stm32f4xx.o

.debug_frame    0x00000000     0x1488
 .debug_frame   0x00000000       0xe8 StdPeriph_Driver/src/stm32f4xx_crc.o
 .debug_frame   0x000000e8      0x5b4 StdPeriph_Driver/src/stm32f4xx_flash.o
 .debug_frame   0x0000069c      0x260 src/BOOT_LOADER/BOOT.o
 .debug_frame   0x000008fc       0xdc src/MCAL/CAN.o
 .debug_frame   0x000009d8       0xe8 src/MCAL/TIMER_5.o
 .debug_frame   0x00000ac0      0x108 src/MCAL/TIMER_6.o
 .debug_frame   0x00000bc8      0x138 src/MCAL/TIMER_7.o
 .debug_frame   0x00000d00       0xb8 src/MCAL/UART_2.o
 .debug_frame   0x00000db8      0x148 src/MCAL/UART_3.o
 .debug_frame   0x00000f00       0xd0 src/Services_layers/Queue.o
 .debug_frame   0x00000fd0      0x144 src/Services_layers/Speical_Timer.o
 .debug_frame   0x00001114       0xd0 src/Services_layers/debug.o
 .debug_frame   0x000011e4       0x38 src/Services_layers/delay.o
 .debug_frame   0x0000121c       0x30 src/main.o
 .debug_frame   0x0000124c       0x7c src/system_stm32f4xx.o
 .debug_frame   0x000012c8       0x2c e:/asc/plugins/fr.ac6.mcu.externaltools.arm-none.win32_1.17.0.201812190825/tools/compiler/bin/../lib/gcc/arm-none-eabi/7.3.1/../../../../arm-none-eabi/lib/thumb/v7e-m/fpv4-sp/hard\libc.a(lib_a-init.o)
 .debug_frame   0x000012f4       0x5c e:/asc/plugins/fr.ac6.mcu.externaltools.arm-none.win32_1.17.0.201812190825/tools/compiler/bin/../lib/gcc/arm-none-eabi/7.3.1/../../../../arm-none-eabi/lib/thumb/v7e-m/fpv4-sp/hard\libc.a(lib_a-__call_atexit.o)
 .debug_frame   0x00001350       0x20 e:/asc/plugins/fr.ac6.mcu.externaltools.arm-none.win32_1.17.0.201812190825/tools/compiler/bin/../lib/gcc/arm-none-eabi/7.3.1/../../../../arm-none-eabi/lib/thumb/v7e-m/fpv4-sp/hard\libc.a(lib_a-atexit.o)
 .debug_frame   0x00001370       0x34 e:/asc/plugins/fr.ac6.mcu.externaltools.arm-none.win32_1.17.0.201812190825/tools/compiler/bin/../lib/gcc/arm-none-eabi/7.3.1/../../../../arm-none-eabi/lib/thumb/v7e-m/fpv4-sp/hard\libc.a(lib_a-fini.o)
 .debug_frame   0x000013a4       0xb0 e:/asc/plugins/fr.ac6.mcu.externaltools.arm-none.win32_1.17.0.201812190825/tools/compiler/bin/../lib/gcc/arm-none-eabi/7.3.1/../../../../arm-none-eabi/lib/thumb/v7e-m/fpv4-sp/hard\libc.a(lib_a-lock.o)
 .debug_frame   0x00001454       0x34 e:/asc/plugins/fr.ac6.mcu.externaltools.arm-none.win32_1.17.0.201812190825/tools/compiler/bin/../lib/gcc/arm-none-eabi/7.3.1/../../../../arm-none-eabi/lib/thumb/v7e-m/fpv4-sp/hard\libc.a(lib_a-__atexit.o)
