Archive member included to satisfy reference by file (symbol)

e:/asc/plugins/fr.ac6.mcu.externaltools.arm-none.win32_1.17.0.201812190825/tools/compiler/bin/../lib/gcc/arm-none-eabi/7.3.1/../../../../arm-none-eabi/lib/thumb/v7e-m/fpv4-sp/hard\libc.a(lib_a-errno.o)
                              src/syscalls.o (__errno)
e:/asc/plugins/fr.ac6.mcu.externaltools.arm-none.win32_1.17.0.201812190825/tools/compiler/bin/../lib/gcc/arm-none-eabi/7.3.1/../../../../arm-none-eabi/lib/thumb/v7e-m/fpv4-sp/hard\libc.a(lib_a-exit.o)
                              e:/asc/plugins/fr.ac6.mcu.externaltools.arm-none.win32_1.17.0.201812190825/tools/compiler/bin/../lib/gcc/arm-none-eabi/7.3.1/../../../../arm-none-eabi/lib/thumb/v7e-m/fpv4-sp/hard/crt0.o (exit)
e:/asc/plugins/fr.ac6.mcu.externaltools.arm-none.win32_1.17.0.201812190825/tools/compiler/bin/../lib/gcc/arm-none-eabi/7.3.1/../../../../arm-none-eabi/lib/thumb/v7e-m/fpv4-sp/hard\libc.a(lib_a-impure.o)
                              e:/asc/plugins/fr.ac6.mcu.externaltools.arm-none.win32_1.17.0.201812190825/tools/compiler/bin/../lib/gcc/arm-none-eabi/7.3.1/../../../../arm-none-eabi/lib/thumb/v7e-m/fpv4-sp/hard\libc.a(lib_a-exit.o) (_global_impure_ptr)
e:/asc/plugins/fr.ac6.mcu.externaltools.arm-none.win32_1.17.0.201812190825/tools/compiler/bin/../lib/gcc/arm-none-eabi/7.3.1/../../../../arm-none-eabi/lib/thumb/v7e-m/fpv4-sp/hard\libc.a(lib_a-init.o)
                              e:/asc/plugins/fr.ac6.mcu.externaltools.arm-none.win32_1.17.0.201812190825/tools/compiler/bin/../lib/gcc/arm-none-eabi/7.3.1/../../../../arm-none-eabi/lib/thumb/v7e-m/fpv4-sp/hard/crt0.o (__libc_init_array)
e:/asc/plugins/fr.ac6.mcu.externaltools.arm-none.win32_1.17.0.201812190825/tools/compiler/bin/../lib/gcc/arm-none-eabi/7.3.1/../../../../arm-none-eabi/lib/thumb/v7e-m/fpv4-sp/hard\libc.a(lib_a-memcmp.o)
                              src/HAL/WIFI_lOCAL.o (memcmp)
e:/asc/plugins/fr.ac6.mcu.externaltools.arm-none.win32_1.17.0.201812190825/tools/compiler/bin/../lib/gcc/arm-none-eabi/7.3.1/../../../../arm-none-eabi/lib/thumb/v7e-m/fpv4-sp/hard\libc.a(lib_a-memcpy.o)
                              src/Services_layers/String_Queue.o (memcpy)
e:/asc/plugins/fr.ac6.mcu.externaltools.arm-none.win32_1.17.0.201812190825/tools/compiler/bin/../lib/gcc/arm-none-eabi/7.3.1/../../../../arm-none-eabi/lib/thumb/v7e-m/fpv4-sp/hard\libc.a(lib_a-memset.o)
                              e:/asc/plugins/fr.ac6.mcu.externaltools.arm-none.win32_1.17.0.201812190825/tools/compiler/bin/../lib/gcc/arm-none-eabi/7.3.1/../../../../arm-none-eabi/lib/thumb/v7e-m/fpv4-sp/hard/crt0.o (memset)
e:/asc/plugins/fr.ac6.mcu.externaltools.arm-none.win32_1.17.0.201812190825/tools/compiler/bin/../lib/gcc/arm-none-eabi/7.3.1/../../../../arm-none-eabi/lib/thumb/v7e-m/fpv4-sp/hard\libc.a(lib_a-sprintf.o)
                              src/HAL/WIFI_lOCAL.o (sprintf)
e:/asc/plugins/fr.ac6.mcu.externaltools.arm-none.win32_1.17.0.201812190825/tools/compiler/bin/../lib/gcc/arm-none-eabi/7.3.1/../../../../arm-none-eabi/lib/thumb/v7e-m/fpv4-sp/hard\libc.a(lib_a-strlen.o)
                              src/HAL/WIFI_lOCAL.o (strlen)
e:/asc/plugins/fr.ac6.mcu.externaltools.arm-none.win32_1.17.0.201812190825/tools/compiler/bin/../lib/gcc/arm-none-eabi/7.3.1/../../../../arm-none-eabi/lib/thumb/v7e-m/fpv4-sp/hard\libc.a(lib_a-svfprintf.o)
                              e:/asc/plugins/fr.ac6.mcu.externaltools.arm-none.win32_1.17.0.201812190825/tools/compiler/bin/../lib/gcc/arm-none-eabi/7.3.1/../../../../arm-none-eabi/lib/thumb/v7e-m/fpv4-sp/hard\libc.a(lib_a-sprintf.o) (_svfprintf_r)
e:/asc/plugins/fr.ac6.mcu.externaltools.arm-none.win32_1.17.0.201812190825/tools/compiler/bin/../lib/gcc/arm-none-eabi/7.3.1/../../../../arm-none-eabi/lib/thumb/v7e-m/fpv4-sp/hard\libc.a(lib_a-__call_atexit.o)
                              e:/asc/plugins/fr.ac6.mcu.externaltools.arm-none.win32_1.17.0.201812190825/tools/compiler/bin/../lib/gcc/arm-none-eabi/7.3.1/../../../../arm-none-eabi/lib/thumb/v7e-m/fpv4-sp/hard\libc.a(lib_a-exit.o) (__call_exitprocs)
e:/asc/plugins/fr.ac6.mcu.externaltools.arm-none.win32_1.17.0.201812190825/tools/compiler/bin/../lib/gcc/arm-none-eabi/7.3.1/../../../../arm-none-eabi/lib/thumb/v7e-m/fpv4-sp/hard\libc.a(lib_a-atexit.o)
                              e:/asc/plugins/fr.ac6.mcu.externaltools.arm-none.win32_1.17.0.201812190825/tools/compiler/bin/../lib/gcc/arm-none-eabi/7.3.1/../../../../arm-none-eabi/lib/thumb/v7e-m/fpv4-sp/hard\libc.a(lib_a-__call_atexit.o) (atexit)
e:/asc/plugins/fr.ac6.mcu.externaltools.arm-none.win32_1.17.0.201812190825/tools/compiler/bin/../lib/gcc/arm-none-eabi/7.3.1/../../../../arm-none-eabi/lib/thumb/v7e-m/fpv4-sp/hard\libc.a(lib_a-dtoa.o)
                              e:/asc/plugins/fr.ac6.mcu.externaltools.arm-none.win32_1.17.0.201812190825/tools/compiler/bin/../lib/gcc/arm-none-eabi/7.3.1/../../../../arm-none-eabi/lib/thumb/v7e-m/fpv4-sp/hard\libc.a(lib_a-svfprintf.o) (_dtoa_r)
[...]
Memory Configuration

Name             Origin             Length             Attributes
RAM              0x20000000         0x00020000         xrw
ROM              0x08000000         0x00080000         xr
*default*        0x00000000         0xffffffff

Linker script and memory map

LOAD e:/asc/plugins/fr.ac6.mcu.externaltools.arm-none.win32_1.17.0.201812190825/tools/compiler/bin/../lib/gcc/arm-none-eabi/7.3.1/thumb/v7e-m/fpv4-sp/hard/crti.o
LOAD e:/asc/plugins/fr.ac6.mcu.externaltools.arm-none.win32_1.17.0.201812190825/tools/compiler/bin/../lib/gcc/arm-none-eabi/7.3.1/thumb/v7e-m/fpv4-sp/hard/crtbegin.o
LOAD e:/asc/plugins/fr.ac6.mcu.externaltools.arm-none.win32_1.17.0.201812190825/tools/compiler/bin/../lib/gcc/arm-none-eabi/7.3.1/../../../../arm-none-eabi/lib/thumb/v7e-m/fpv4-sp/hard/crt0.o
LOAD StdPeriph_Driver/src/misc.o
LOAD StdPeriph_Driver/src/stm32f4xx_adc.o
LOAD StdPeriph_Driver/src/stm32f4xx_can.o
LOAD StdPeriph_Driver/src/stm32f4xx_cec.o
LOAD StdPeriph_Driver/src/stm32f4xx_crc.o
LOAD StdPeriph_Driver/src/stm32f4xx_cryp.o
LOAD StdPeriph_Driver/src/stm32f4xx_cryp_aes.o
LOAD StdPeriph_Driver/src/stm32f4xx_cryp_des.o
LOAD StdPeriph_Driver/src/stm32f4xx_cryp_tdes.o
LOAD StdPeriph_Driver/src/stm32f4xx_dac.o
LOAD StdPeriph_Driver/src/stm32f4xx_dbgmcu.o
LOAD StdPeriph_Driver/src/stm32f4xx_dcmi.o
LOAD StdPeriph_Driver/src/stm32f4xx_dfsdm.o
LOAD StdPeriph_Driver/src/stm32f4xx_dma.o
LOAD StdPeriph_Driver/src/stm32f4xx_dma2d.o
LOAD StdPeriph_Driver/src/stm32f4xx_dsi.o
LOAD StdPeriph_Driver/src/stm32f4xx_exti.o
LOAD StdPeriph_Driver/src/stm32f4xx_flash.o
LOAD StdPeriph_Driver/src/stm32f4xx_flash_ramfunc.o
LOAD StdPeriph_Driver/src/stm32f4xx_fmc.o
LOAD StdPeriph_Driver/src/stm32f4xx_fmip2c.o
LOAD StdPeriph_Driver/src/stm32f4xx_fsmc.o
LOAD StdPeriph_Driver/src/stm32f4xx_gpio.o
LOAD StdPeriph_Driver/src/stm32f4xx_hash.o
LOAD StdPeriph_Driver/src/stm32f4xx_hash_md5.o
LOAD StdPeriph_Driver/src/stm32f4xx_hash_sha1.o
LOAD StdPeriph_Driver/src/stm32f4xx_i2c.o
LOAD StdPeriph_Driver/src/stm32f4xx_iwdg.o
LOAD StdPeriph_Driver/src/stm32f4xx_lptim.o
LOAD StdPeriph_Driver/src/stm32f4xx_ltdc.o
LOAD StdPeriph_Driver/src/stm32f4xx_pwr.o
LOAD StdPeriph_Driver/src/stm32f4xx_qspi.o
LOAD StdPeriph_Driver/src/stm32f4xx_rcc.o
LOAD StdPeriph_Driver/src/stm32f4xx_rng.o
LOAD StdPeriph_Driver/src/stm32f4xx_rtc.o
LOAD StdPeriph_Driver/src/stm32f4xx_sai.o
LOAD StdPeriph_Driver/src/stm32f4xx_sdio.o
LOAD StdPeriph_Driver/src/stm32f4xx_spdifrx.o
LOAD StdPeriph_Driver/src/stm32f4xx_spi.o
LOAD StdPeriph_Driver/src/stm32f4xx_syscfg.o
LOAD StdPeriph_Driver/src/stm32f4xx_tim.o
LOAD StdPeriph_Driver/src/stm32f4xx_usart.o
LOAD StdPeriph_Driver/src/stm32f4xx_wwdg.o
LOAD src/BOOT_LOADER/BOOT.o
LOAD src/HAL/WIFI_lOCAL.o
LOAD src/MCAL/CAN.o
LOAD src/MCAL/GPIO.o
LOAD src/MCAL/RCC.o
LOAD src/MCAL/SoftSPI.o
LOAD src/MCAL/TIM3_PWM.o
LOAD src/MCAL/TIMER_5.o
LOAD src/MCAL/TIMER_6.o
LOAD src/MCAL/TIMER_7.o
LOAD src/MCAL/UART_1.o
LOAD src/MCAL/UART_2.o
LOAD src/MCAL/UART_3.o
LOAD src/MCAL/UART_4.o
LOAD src/Services_layers/Queue.o
LOAD src/Services_layers/Special_Uart_wifi_local.o
LOAD src/Services_layers/Speical_Timer.o
LOAD src/Services_layers/String_Queue.o
LOAD src/Services_layers/debug.o
LOAD src/Services_layers/delay.o
LOAD src/Services_layers/utility.o
LOAD src/main.o
LOAD src/syscalls.o
LOAD src/system_stm32f4xx.o
LOAD startup/startup_stm32.o
LOAD e:/asc/plugins/fr.ac6.mcu.externaltools.arm-none.win32_1.17.0.201812190825/tools/compiler/bin/../lib/gcc/arm-none-eabi/7.3.1/../../../../arm-none-eabi/lib/thumb/v7e-m/fpv4-sp/hard\libm.a
START GROUP
LOAD e:/asc/plugins/fr.ac6.mcu.externaltools.arm-none.win32_1.17.0.201812190825/tools/compiler/bin/../lib/gcc/arm-none-eabi/7.3.1/thumb/v7e-m/fpv4-sp/hard\libgcc.a
LOAD e:/asc/plugins/fr.ac6.mcu.externaltools.arm-none.win32_1.17.0.201812190825/tools/compiler/bin/../lib/gcc/arm-none-eabi/7.3.1/../../../../arm-none-eabi/lib/thumb/v7e-m/fpv4-sp/hard\libc.a
END GROUP
LOAD e:/asc/plugins/fr.ac6.mcu.externaltools.arm-none.win32_1.17.0.201812190825/tools/compiler/bin/../lib/gcc/arm-none-eabi/7.3.1/thumb/v7e-m/fpv4-sp/hard/crtend.o
LOAD e:/asc/plugins/fr.ac6.mcu.externaltools.arm-none.win32_1.17.0.201812190825/tools/compiler/bin/../lib/gcc/arm-none-eabi/7.3.1/thumb/v7e-m/fpv4-sp/hard/crtn.o
                0x20020000                _estack = 0x20020000
                0x00000000                _Min_Heap_Size = 0x0
                0x00000400                _Min_Stack_Size = 0x400

.isr_vector     0x08000000      0x1c4
                0x08000000                . = ALIGN (0x4)
 *(.isr_vector)
 .isr_vector    0x08000000      0x1c4 startup/startup_stm32.o
                0x08000000                g_pfnVectors
                0x080001c4                . = ALIGN (0x4)

.text           0x08000200     0x6a54
                0x08000200                . = ALIGN (0x4)
 *(.text)
 .text          0x08000200       0x40 e:/asc/plugins/fr.ac6.mcu.externaltools.arm-none.win32_1.17.0.201812190825/tools/compiler/bin/../lib/gcc/arm-none-eabi/7.3.1/thumb/v7e-m/fpv4-sp/hard/crtbegin.o
 .text          0x08000240      0x134 e:/asc/plugins/fr.ac6.mcu.externaltools.arm-none.win32_1.17.0.201812190825/tools/compiler/bin/../lib/gcc/arm-none-eabi/7.3.1/../../../../arm-none-eabi/lib/thumb/v7e-m/fpv4-sp/hard\libc.a(lib_a-memcpy.o)
                0x08000240                memcpy
 *fill*         0x08000374        0xc 
 .text          0x08000380       0xdc e:/asc/plugins/fr.ac6.mcu.externaltools.arm-none.win32_1.17.0.201812190825/tools/compiler/bin/../lib/gcc/arm-none-eabi/7.3.1/../../../../arm-none-eabi/lib/thumb/v7e-m/fpv4-sp/hard\libc.a(lib_a-strlen.o)
                0x08000380                strlen
 *fill*         0x0800045c        0x4 
 .text          0x08000460       0xa0 e:/asc/plugins/fr.ac6.mcu.externaltools.arm-none.win32_1.17.0.201812190825/tools/compiler/bin/../lib/gcc/arm-none-eabi/7.3.1/../../../../arm-none-eabi/lib/thumb/v7e-m/fpv4-sp/hard\libc.a(lib_a-memchr.o)
                0x08000460                memchr
 .text          0x08000500      0x378 e:/asc/plugins/fr.ac6.mcu.externaltools.arm-none.win32_1.17.0.201812190825/tools/compiler/bin/../lib/gcc/arm-none-eabi/7.3.1/thumb/v7e-m/fpv4-sp/hard\libgcc.a(_arm_addsubdf3.o)
                0x08000500                __aeabi_drsub
                0x08000508                __aeabi_dsub
                0x08000508                __subdf3
                0x0800050c                __aeabi_dadd
                0x0800050c                __adddf3
                0x08000784                __floatunsidf
                0x08000784                __aeabi_ui2d
                0x080007a4                __floatsidf
                0x080007a4                __aeabi_i2d
                0x080007c8                __aeabi_f2d
                0x080007c8                __extendsfdf2
                0x0800080c                __floatundidf
                0x0800080c                __aeabi_ul2d
                0x0800081c                __floatdidf
                0x0800081c                __aeabi_l2d
 .text          0x08000878      0x424 e:/asc/plugins/fr.ac6.mcu.externaltools.arm-none.win32_1.17.0.201812190825/tools/compiler/bin/../lib/gcc/arm-none-eabi/7.3.1/thumb/v7e-m/fpv4-sp/hard\libgcc.a(_arm_muldivdf3.o)
                0x08000878                __aeabi_dmul
                0x08000878                __muldf3
                0x08000acc                __divdf3
                0x08000acc                __aeabi_ddiv
 .text          0x08000c9c      0x110 e:/asc/plugins/fr.ac6.mcu.externaltools.arm-none.win32_1.17.0.201812190825/tools/compiler/bin/../lib/gcc/arm-none-eabi/7.3.1/thumb/v7e-m/fpv4-sp/hard\libgcc.a(_arm_cmpdf2.o)
                0x08000c9c                __gtdf2
                0x08000c9c                __gedf2
                0x08000ca4                __ltdf2
                0x08000ca4                __ledf2
                0x08000cac                __nedf2
                0x08000cac                __eqdf2
                0x08000cac                __cmpdf2
                0x08000d28                __aeabi_cdrcmple
                0x08000d38                __aeabi_cdcmpeq
                0x08000d38                __aeabi_cdcmple
                0x08000d48                __aeabi_dcmpeq
                0x08000d5c                __aeabi_dcmplt
                0x08000d70                __aeabi_dcmple
                0x08000d84                __aeabi_dcmpge
                0x08000d98                __aeabi_dcmpgt
 .text          0x08000dac       0x2c e:/asc/plugins/fr.ac6.mcu.externaltools.arm-none.win32_1.17.0.201812190825/tools/compiler/bin/../lib/gcc/arm-none-eabi/7.3.1/thumb/v7e-m/fpv4-sp/hard\libgcc.a(_arm_unorddf2.o)
                0x08000dac                __unorddf2
                0x08000dac                __aeabi_dcmpun
 .text          0x08000dd8       0x50 e:/asc/plugins/fr.ac6.mcu.externaltools.arm-none.win32_1.17.0.201812190825/tools/compiler/bin/../lib/gcc/arm-none-eabi/7.3.1/thumb/v7e-m/fpv4-sp/hard\libgcc.a(_arm_fixdfsi.o)
                0x08000dd8                __aeabi_d2iz
                0x08000dd8                __fixdfsi
 .text          0x08000e28       0x30 e:/asc/plugins/fr.ac6.mcu.externaltools.arm-none.win32_1.17.0.201812190825/tools/compiler/bin/../lib/gcc/arm-none-eabi/7.3.1/thumb/v7e-m/fpv4-sp/hard\libgcc.a(_aeabi_uldivmod.o)
                0x08000e28                __aeabi_uldivmod
 .text          0x08000e58      0x2cc e:/asc/plugins/fr.ac6.mcu.externaltools.arm-none.win32_1.17.0.201812190825/tools/compiler/bin/../lib/gcc/arm-none-eabi/7.3.1/thumb/v7e-m/fpv4-sp/hard\libgcc.a(_udivmoddi4.o)
                0x08000e58                __udivmoddi4
 .text          0x08001124        0x4 e:/asc/plugins/fr.ac6.mcu.externaltools.arm-none.win32_1.17.0.201812190825/tools/compiler/bin/../lib/gcc/arm-none-eabi/7.3.1/thumb/v7e-m/fpv4-sp/hard\libgcc.a(_dvmd_tls.o)
                0x08001124                __aeabi_idiv0
                0x08001124                __aeabi_ldiv0
 *(.text*)
 .text.CRC_ResetDR
                0x08001128       0x18 StdPeriph_Driver/src/stm32f4xx_crc.o
                0x08001128                CRC_ResetDR
 .text.CRC_CalcCRC
                0x08001140       0x24 StdPeriph_Driver/src/stm32f4xx_crc.o
                0x08001140                CRC_CalcCRC
 .text.FLASH_Unlock
                0x08001164       0x30 StdPeriph_Driver/src/stm32f4xx_flash.o
                0x08001164                FLASH_Unlock
 .text.FLASH_Lock
                0x08001194       0x20 StdPeriph_Driver/src/stm32f4xx_flash.o
                0x08001194                FLASH_Lock
 .text.FLASH_EraseSector
                0x080011b4       0xc0 StdPeriph_Driver/src/stm32f4xx_flash.o
                0x080011b4                FLASH_EraseSector
 .text.FLASH_EraseAllSectors
                0x08001274       0xa0 StdPeriph_Driver/src/stm32f4xx_flash.o
                0x08001274                FLASH_EraseAllSectors
 .text.FLASH_ProgramByte
                0x08001314       0x68 StdPeriph_Driver/src/stm32f4xx_flash.o
                0x08001314                FLASH_ProgramByte
 .text.FLASH_GetStatus
                0x0800137c       0x7c StdPeriph_Driver/src/stm32f4xx_flash.o
                0x0800137c                FLASH_GetStatus
 .text.FLASH_WaitForLastOperation
                0x080013f8       0x30 StdPeriph_Driver/src/stm32f4xx_flash.o
                0x080013f8                FLASH_WaitForLastOperation
 .text.NVIC_DisableIRQ
                0x08001428       0x34 src/BOOT_LOADER/BOOT.o
 .text.BootLoader_Init
                0x0800145c       0x28 src/BOOT_LOADER/BOOT.o
                0x0800145c                BootLoader_Init
 .text.boot_check_host
                0x08001484       0x48 src/BOOT_LOADER/BOOT.o
                0x08001484                boot_check_host
 .text.execute_mem_write
                0x080014cc       0x4e src/BOOT_LOADER/BOOT.o
                0x080014cc                execute_mem_write
 .text.bootloader_verify_crc
                0x0800151a       0x54 src/BOOT_LOADER/BOOT.o
                0x0800151a                bootloader_verify_crc
 *fill*         0x0800156e        0x2 
 .text.verify_address
                0x08001570       0x80 src/BOOT_LOADER/BOOT.o
                0x08001570                verify_address
 .text.execute_flash_erase
                0x080015f0       0x94 src/BOOT_LOADER/BOOT.o
                0x080015f0                execute_flash_erase
 .text.system_deinit
                0x08001684       0xd4 src/BOOT_LOADER/BOOT.o
                0x08001684                system_deinit
 .text.bootloader_jump_to_user_app
                0x08001758       0x44 src/BOOT_LOADER/BOOT.o
                0x08001758                bootloader_jump_to_user_app
 .text.bootloader_handle_mem_write_cmd
                0x0800179c       0x8c src/BOOT_LOADER/BOOT.o
                0x0800179c                bootloader_handle_mem_write_cmd
 .text.WIFI_LOCAL_INIT
                0x08001828       0x14 src/HAL/WIFI_lOCAL.o
                0x08001828                WIFI_LOCAL_INIT
 .text.WIFI_LOCAL_FLUSH
                0x0800183c       0x26 src/HAL/WIFI_lOCAL.o
                0x0800183c                WIFI_LOCAL_FLUSH
 *fill*         0x08001862        0x2 
 .text.WIFI_LOCAL_SEND_IP
                0x08001864       0x54 src/HAL/WIFI_lOCAL.o
                0x08001864                WIFI_LOCAL_SEND_IP
 .text.WIFI_LOCAL_SEND
                0x080018b8       0x20 src/HAL/WIFI_lOCAL.o
                0x080018b8                WIFI_LOCAL_SEND
 .text.WIFI_LOCAL_QUEUE_GET_SIZE
                0x080018d8        0xe src/HAL/WIFI_lOCAL.o
                0x080018d8                WIFI_LOCAL_QUEUE_GET_SIZE
 .text.WIFI_LOCAL_RAED
                0x080018e6       0x18 src/HAL/WIFI_lOCAL.o
                0x080018e6                WIFI_LOCAL_RAED
 *fill*         0x080018fe        0x2 
 .text.WIFI_WAIT_RESPONSE_data
                0x08001900       0xf4 src/HAL/WIFI_lOCAL.o
                0x08001900                WIFI_WAIT_RESPONSE_data
 .text.gpio_init
                0x080019f4       0x54 src/MCAL/GPIO.o
                0x080019f4                gpio_init
 .text.gpio_pin_conf_mode
                0x08001a48       0x30 src/MCAL/GPIO.o
                0x08001a48                gpio_pin_conf_mode
 .text.gpio_output_speed
                0x08001a78       0x30 src/MCAL/GPIO.o
                0x08001a78                gpio_output_speed
 .text.gpio_pull_up_down
                0x08001aa8       0x30 src/MCAL/GPIO.o
                0x08001aa8                gpio_pull_up_down
 .text.gpio_altrenate_func
                0x08001ad8       0x58 src/MCAL/GPIO.o
                0x08001ad8                gpio_altrenate_func
 .text.NVIC_EnableIRQ
                0x08001b30       0x34 src/MCAL/TIMER_5.o
 .text.NVIC_ClearPendingIRQ
                0x08001b64       0x34 src/MCAL/TIMER_5.o
 .text.NVIC_SetPriority
                0x08001b98       0x54 src/MCAL/TIMER_5.o
 .text.timer_5_init
                0x08001bec       0x58 src/MCAL/TIMER_5.o
                0x08001bec                timer_5_init
 .text.timer_5_setcallback
                0x08001c44       0x20 src/MCAL/TIMER_5.o
                0x08001c44                timer_5_setcallback
 .text.TIM5_IRQHandler
                0x08001c64       0x2c src/MCAL/TIMER_5.o
                0x08001c64                TIM5_IRQHandler
 .text.NVIC_EnableIRQ
                0x08001c90       0x34 src/MCAL/TIMER_6.o
 .text.NVIC_ClearPendingIRQ
                0x08001cc4       0x34 src/MCAL/TIMER_6.o
 .text.timer_6_init
                0x08001cf8       0x6c src/MCAL/TIMER_6.o
                0x08001cf8                timer_6_init
 .text.timer_6_setcallback
                0x08001d64       0x20 src/MCAL/TIMER_6.o
                0x08001d64                timer_6_setcallback
 .text.TIM6_DAC_IRQHandler
                0x08001d84       0x40 src/MCAL/TIMER_6.o
                0x08001d84                TIM6_DAC_IRQHandler
 .text.NVIC_ClearPendingIRQ
                0x08001dc4       0x34 src/MCAL/TIMER_7.o
 .text.TIM7_IRQHandler
                0x08001df8       0x50 src/MCAL/TIMER_7.o
                0x08001df8                TIM7_IRQHandler
 .text.NVIC_EnableIRQ
                0x08001e48       0x34 src/MCAL/UART_1.o
 .text.uart1_pin_conf
                0x08001e7c       0x58 src/MCAL/UART_1.o
                0x08001e7c                uart1_pin_conf
 .text.UART_INIT_1
                0x08001ed4       0x74 src/MCAL/UART_1.o
                0x08001ed4                UART_INIT_1
 .text.UART_SEND
                0x08001f48       0x40 src/MCAL/UART_1.o
                0x08001f48                UART_SEND
 .text.UART_Write_Array
                0x08001f88       0x38 src/MCAL/UART_1.o
                0x08001f88                UART_Write_Array
 .text.queue_wifi_local_data_read
                0x08001fc0       0x24 src/MCAL/UART_1.o
                0x08001fc0                queue_wifi_local_data_read
 .text.queue_wifi_local_get_size
                0x08001fe4       0x14 src/MCAL/UART_1.o
                0x08001fe4                queue_wifi_local_get_size
 .text.USART1_IRQHandler
                0x08001ff8       0x30 src/MCAL/UART_1.o
                0x08001ff8                USART1_IRQHandler
 .text.uart2_pin_conf
                0x08002028       0x44 src/MCAL/UART_2.o
                0x08002028                uart2_pin_conf
 .text.UART_INIT_2
                0x0800206c       0x8c src/MCAL/UART_2.o
                0x0800206c                UART_INIT_2
 .text.USART3_IRQHandler
                0x080020f8       0x30 src/MCAL/UART_3.o
                0x080020f8                USART3_IRQHandler
 .text.Queue_isEmpty
                0x08002128       0x36 src/Services_layers/Queue.o
                0x08002128                Queue_isEmpty
 .text.Queue_isFull
                0x0800215e       0x3a src/Services_layers/Queue.o
                0x0800215e                Queue_isFull
 .text.Queue_getSize
                0x08002198       0x1a src/Services_layers/Queue.o
                0x08002198                Queue_getSize
 *fill*         0x080021b2        0x2 
 .text.Queue_Enqueue
                0x080021b4       0x68 src/Services_layers/Queue.o
                0x080021b4                Queue_Enqueue
 .text.Queue_Dequeue
                0x0800221c       0x68 src/Services_layers/Queue.o
                0x0800221c                Queue_Dequeue
 .text.SpecialUart_Update_wifi_local
                0x08002284      0x114 src/Services_layers/Special_Uart_wifi_local.o
                0x08002284                SpecialUart_Update_wifi_local
 .text.SpecialUart_Init_WIFI_LOCAL
                0x08002398       0x18 src/Services_layers/Special_Uart_wifi_local.o
                0x08002398                SpecialUart_Init_WIFI_LOCAL
 .text.SpecialUart_wifi_local_array
                0x080023b0       0x34 src/Services_layers/Special_Uart_wifi_local.o
                0x080023b0                SpecialUart_wifi_local_array
 .text.SpecialUart_wifi_local_getsize
                0x080023e4       0x14 src/Services_layers/Special_Uart_wifi_local.o
                0x080023e4                SpecialUart_wifi_local_getsize
 .text.SpecialUart_wifi_local_array_DATA_ONLY
                0x080023f8       0x34 src/Services_layers/Special_Uart_wifi_local.o
                0x080023f8                SpecialUart_wifi_local_array_DATA_ONLY
 .text.SpecialTimer_update
                0x0800242c       0x4c src/Services_layers/Speical_Timer.o
 .text.SpecialTimer_Init
                0x08002478       0x18 src/Services_layers/Speical_Timer.o
                0x08002478                SpecialTimer_Init
 .text.SpecialTimer_Reset
                0x08002490       0x2c src/Services_layers/Speical_Timer.o
                0x08002490                SpecialTimer_Reset
 .text.SpecialTimer_Start
                0x080024bc       0x28 src/Services_layers/Speical_Timer.o
                0x080024bc                SpecialTimer_Start
 .text.SpecialTimer_Stop
                0x080024e4       0x28 src/Services_layers/Speical_Timer.o
                0x080024e4                SpecialTimer_Stop
 .text.SpecialTimer_Check
                0x0800250c       0x3c src/Services_layers/Speical_Timer.o
                0x0800250c                SpecialTimer_Check
 .text.String_Queue_enqueue
                0x08002548       0x9c src/Services_layers/String_Queue.o
                0x08002548                String_Queue_enqueue
 .text.String_Queue_dequeue
                0x080025e4       0x82 src/Services_layers/String_Queue.o
                0x080025e4                String_Queue_dequeue
 .text.String_Queue_isfull
                0x08002666       0x36 src/Services_layers/String_Queue.o
                0x08002666                String_Queue_isfull
 .text.String_Queue_isempty
                0x0800269c       0x36 src/Services_layers/String_Queue.o
                0x0800269c                String_Queue_isempty
 .text.String_Queue_getsize
                0x080026d2       0x1a src/Services_layers/String_Queue.o
                0x080026d2                String_Queue_getsize
 .text.debug_init
                0x080026ec        0xc src/Services_layers/debug.o
                0x080026ec                debug_init
 .text.debug_write
                0x080026f8       0x28 src/Services_layers/debug.o
                0x080026f8                debug_write
 .text.debug_values
                0x08002720       0x64 src/Services_layers/debug.o
                0x08002720                debug_values
 .text._delay_ms
                0x08002784       0x38 src/Services_layers/delay.o
                0x08002784                _delay_ms
 .text.NVIC_SystemReset
                0x080027bc       0x28 src/main.o
 .text.main     0x080027e4      0x184 src/main.o
                0x080027e4                main
 .text._sbrk    0x08002968       0x58 src/syscalls.o
                0x08002968                _sbrk
 .text.SystemInit
                0x080029c0       0x6c src/system_stm32f4xx.o
                0x080029c0                SystemInit
 .text.SetSysClock
                0x08002a2c      0x12c src/system_stm32f4xx.o
 .text.Reset_Handler
                0x08002b58       0x50 startup/startup_stm32.o
                0x08002b58                Reset_Handler
 .text.Default_Handler
                0x08002ba8        0x2 startup/startup_stm32.o
                0x08002ba8                RTC_Alarm_IRQHandler
                0x08002ba8                EXTI2_IRQHandler
                0x08002ba8                TIM8_CC_IRQHandler
                0x08002ba8                SPDIF_Rx_IRQHandler
                0x08002ba8                DebugMon_Handler
                0x08002ba8                SPI4_IRQHandler
                0x08002ba8                TIM1_CC_IRQHandler
                0x08002ba8                QuadSPI_IRQHandler
                0x08002ba8                DMA2_Stream5_IRQHandler
                0x08002ba8                HardFault_Handler
                0x08002ba8                DMA1_Stream5_IRQHandler
                0x08002ba8                SysTick_Handler
                0x08002ba8                PVD_IRQHandler
                0x08002ba8                SDIO_IRQHandler
                0x08002ba8                TAMP_STAMP_IRQHandler
                0x08002ba8                PendSV_Handler
                0x08002ba8                NMI_Handler
                0x08002ba8                CAN2_RX1_IRQHandler
                0x08002ba8                EXTI3_IRQHandler
                0x08002ba8                TIM8_TRG_COM_TIM14_IRQHandler
                0x08002ba8                TIM1_UP_TIM10_IRQHandler
                0x08002ba8                FMPI2C1_error_IRQHandler
                0x08002ba8                TIM8_UP_TIM13_IRQHandler
                0x08002ba8                I2C3_ER_IRQHandler
                0x08002ba8                EXTI0_IRQHandler
                0x08002ba8                I2C2_EV_IRQHandler
                0x08002ba8                DMA1_Stream2_IRQHandler
                0x08002ba8                CAN1_RX0_IRQHandler
                0x08002ba8                FPU_IRQHandler
                0x08002ba8                OTG_HS_WKUP_IRQHandler
                0x08002ba8                UsageFault_Handler
                0x08002ba8                CAN2_SCE_IRQHandler
                0x08002ba8                DMA2_Stream2_IRQHandler
                0x08002ba8                SPI1_IRQHandler
                0x08002ba8                TIM1_BRK_TIM9_IRQHandler
                0x08002ba8                DCMI_IRQHandler
                0x08002ba8                CAN2_RX0_IRQHandler
                0x08002ba8                DMA2_Stream3_IRQHandler
                0x08002ba8                FMPI2C1_IRQHandler
                0x08002ba8                SAI2_IRQHandler
                0x08002ba8                USART6_IRQHandler
                0x08002ba8                CAN1_RX1_IRQHandler
                0x08002ba8                UART5_IRQHandler
                0x08002ba8                DMA2_Stream0_IRQHandler
                0x08002ba8                TIM4_IRQHandler
                0x08002ba8                I2C1_EV_IRQHandler
                0x08002ba8                HDMI_CEC_IRQHandler
                0x08002ba8                DMA1_Stream6_IRQHandler
                0x08002ba8                DMA1_Stream1_IRQHandler
                0x08002ba8                UART4_IRQHandler
                0x08002ba8                TIM3_IRQHandler
                0x08002ba8                RCC_IRQHandler
                0x08002ba8                TIM8_BRK_TIM12_IRQHandler
                0x08002ba8                Default_Handler
                0x08002ba8                EXTI15_10_IRQHandler
                0x08002ba8                ADC_IRQHandler
                0x08002ba8                DMA1_Stream7_IRQHandler
                0x08002ba8                CAN2_TX_IRQHandler
                0x08002ba8                DMA2_Stream7_IRQHandler
                0x08002ba8                I2C3_EV_IRQHandler
                0x08002ba8                EXTI9_5_IRQHandler
                0x08002ba8                RTC_WKUP_IRQHandler
                0x08002ba8                SPI2_IRQHandler
                0x08002ba8                OTG_HS_EP1_IN_IRQHandler
                0x08002ba8                MemManage_Handler
                0x08002ba8                DMA1_Stream0_IRQHandler
                0x08002ba8                CAN1_TX_IRQHandler
                0x08002ba8                SVC_Handler
                0x08002ba8                EXTI4_IRQHandler
                0x08002ba8                OTG_HS_EP1_OUT_IRQHandler
                0x08002ba8                WWDG_IRQHandler
                0x08002ba8                TIM2_IRQHandler
                0x08002ba8                OTG_FS_WKUP_IRQHandler
                0x08002ba8                TIM1_TRG_COM_TIM11_IRQHandler
                0x08002ba8                OTG_HS_IRQHandler
                0x08002ba8                EXTI1_IRQHandler
                0x08002ba8                USART2_IRQHandler
                0x08002ba8                I2C2_ER_IRQHandler
                0x08002ba8                DMA2_Stream1_IRQHandler
                0x08002ba8                CAN1_SCE_IRQHandler
                0x08002ba8                FLASH_IRQHandler
                0x08002ba8                DMA2_Stream4_IRQHandler
                0x08002ba8                BusFault_Handler
                0x08002ba8                OTG_FS_IRQHandler
                0x08002ba8                SPI3_IRQHandler
                0x08002ba8                DMA1_Stream4_IRQHandler
                0x08002ba8                I2C1_ER_IRQHandler
                0x08002ba8                FMC_IRQHandler
                0x08002ba8                DMA2_Stream6_IRQHandler
                0x08002ba8                SAI1_IRQHandler
                0x08002ba8                DMA1_Stream3_IRQHandler
 *fill*         0x08002baa        0x2 
 .text.__errno  0x08002bac        0xc e:/asc/plugins/fr.ac6.mcu.externaltools.arm-none.win32_1.17.0.201812190825/tools/compiler/bin/../lib/gcc/arm-none-eabi/7.3.1/../../../../arm-none-eabi/lib/thumb/v7e-m/fpv4-sp/hard\libc.a(lib_a-errno.o)
                0x08002bac                __errno
 .text.__libc_init_array
                0x08002bb8       0x48 e:/asc/plugins/fr.ac6.mcu.externaltools.arm-none.win32_1.17.0.201812190825/tools/compiler/bin/../lib/gcc/arm-none-eabi/7.3.1/../../../../arm-none-eabi/lib/thumb/v7e-m/fpv4-sp/hard\libc.a(lib_a-init.o)
                0x08002bb8                __libc_init_array
 .text.memcmp   0x08002c00       0x64 e:/asc/plugins/fr.ac6.mcu.externaltools.arm-none.win32_1.17.0.201812190825/tools/compiler/bin/../lib/gcc/arm-none-eabi/7.3.1/../../../../arm-none-eabi/lib/thumb/v7e-m/fpv4-sp/hard\libc.a(lib_a-memcmp.o)
                0x08002c00                memcmp
 .text.memset   0x08002c64       0x94 e:/asc/plugins/fr.ac6.mcu.externaltools.arm-none.win32_1.17.0.201812190825/tools/compiler/bin/../lib/gcc/arm-none-eabi/7.3.1/../../../../arm-none-eabi/lib/thumb/v7e-m/fpv4-sp/hard\libc.a(lib_a-memset.o)
                0x08002c64                memset
 .text.sprintf  0x08002cf8       0x44 e:/asc/plugins/fr.ac6.mcu.externaltools.arm-none.win32_1.17.0.201812190825/tools/compiler/bin/../lib/gcc/arm-none-eabi/7.3.1/../../../../arm-none-eabi/lib/thumb/v7e-m/fpv4-sp/hard\libc.a(lib_a-sprintf.o)
                0x08002cf8                sprintf
 *fill*         0x08002d3c        0x4 
 .text._svfprintf_r
                0x08002d40     0x19cc e:/asc/plugins/fr.ac6.mcu.externaltools.arm-none.win32_1.17.0.201812190825/tools/compiler/bin/../lib/gcc/arm-none-eabi/7.3.1/../../../../arm-none-eabi/lib/thumb/v7e-m/fpv4-sp/hard\libc.a(lib_a-svfprintf.o)
                0x08002d40                _svfprintf_r
 .text.startup.register_fini
                0x0800470c       0x14 e:/asc/plugins/fr.ac6.mcu.externaltools.arm-none.win32_1.17.0.201812190825/tools/compiler/bin/../lib/gcc/arm-none-eabi/7.3.1/../../../../arm-none-eabi/lib/thumb/v7e-m/fpv4-sp/hard\libc.a(lib_a-__call_atexit.o)
 .text.atexit   0x08004720        0xc e:/asc/plugins/fr.ac6.mcu.externaltools.arm-none.win32_1.17.0.201812190825/tools/compiler/bin/../lib/gcc/arm-none-eabi/7.3.1/../../../../arm-none-eabi/lib/thumb/v7e-m/fpv4-sp/hard\libc.a(lib_a-atexit.o)
                0x08004720                atexit
 .text.quorem   0x0800472c      0x124 e:/asc/plugins/fr.ac6.mcu.externaltools.arm-none.win32_1.17.0.201812190825/tools/compiler/bin/../lib/gcc/arm-none-eabi/7.3.1/../../../../arm-none-eabi/lib/thumb/v7e-m/fpv4-sp/hard\libc.a(lib_a-dtoa.o)
 .text._dtoa_r  0x08004850      0xe20 e:/asc/plugins/fr.ac6.mcu.externaltools.arm-none.win32_1.17.0.201812190825/tools/compiler/bin/../lib/gcc/arm-none-eabi/7.3.1/../../../../arm-none-eabi/lib/thumb/v7e-m/fpv4-sp/hard\libc.a(lib_a-dtoa.o)
                0x08004850                _dtoa_r
 .text.__libc_fini_array
                0x08005670       0x34 e:/asc/plugins/fr.ac6.mcu.externaltools.arm-none.win32_1.17.0.201812190825/tools/compiler/bin/../lib/gcc/arm-none-eabi/7.3.1/../../../../arm-none-eabi/lib/thumb/v7e-m/fpv4-sp/hard\libc.a(lib_a-fini.o)
                0x08005670                __libc_fini_array
 .text._malloc_trim_r
                0x080056a4       0xa0 e:/asc/plugins/fr.ac6.mcu.externaltools.arm-none.win32_1.17.0.201812190825/tools/compiler/bin/../lib/gcc/arm-none-eabi/7.3.1/../../../../arm-none-eabi/lib/thumb/v7e-m/fpv4-sp/hard\libc.a(lib_a-freer.o)
                0x080056a4                _malloc_trim_r
 .text._free_r  0x08005744      0x1e8 e:/asc/plugins/fr.ac6.mcu.externaltools.arm-none.win32_1.17.0.201812190825/tools/compiler/bin/../lib/gcc/arm-none-eabi/7.3.1/../../../../arm-none-eabi/lib/thumb/v7e-m/fpv4-sp/hard\libc.a(lib_a-freer.o)
                0x08005744                _free_r
 .text._localeconv_r
                0x0800592c       0x1c e:/asc/plugins/fr.ac6.mcu.externaltools.arm-none.win32_1.17.0.201812190825/tools/compiler/bin/../lib/gcc/arm-none-eabi/7.3.1/../../../../arm-none-eabi/lib/thumb/v7e-m/fpv4-sp/hard\libc.a(lib_a-localeconv.o)
                0x0800592c                _localeconv_r
 .text.__retarget_lock_acquire_recursive
                0x08005948        0x4 e:/asc/plugins/fr.ac6.mcu.externaltools.arm-none.win32_1.17.0.201812190825/tools/compiler/bin/../lib/gcc/arm-none-eabi/7.3.1/../../../../arm-none-eabi/lib/thumb/v7e-m/fpv4-sp/hard\libc.a(lib_a-lock.o)
                0x08005948                __retarget_lock_acquire_recursive
 .text.__retarget_lock_release_recursive
                0x0800594c        0x4 e:/asc/plugins/fr.ac6.mcu.externaltools.arm-none.win32_1.17.0.201812190825/tools/compiler/bin/../lib/gcc/arm-none-eabi/7.3.1/../../../../arm-none-eabi/lib/thumb/v7e-m/fpv4-sp/hard\libc.a(lib_a-lock.o)
                0x0800594c                __retarget_lock_release_recursive
 .text._malloc_r
                0x08005950      0x548 e:/asc/plugins/fr.ac6.mcu.externaltools.arm-none.win32_1.17.0.201812190825/tools/compiler/bin/../lib/gcc/arm-none-eabi/7.3.1/../../../../arm-none-eabi/lib/thumb/v7e-m/fpv4-sp/hard\libc.a(lib_a-mallocr.o)
                0x08005950                _malloc_r
 .text.__malloc_lock
                0x08005e98        0xc e:/asc/plugins/fr.ac6.mcu.externaltools.arm-none.win32_1.17.0.201812190825/tools/compiler/bin/../lib/gcc/arm-none-eabi/7.3.1/../../../../arm-none-eabi/lib/thumb/v7e-m/fpv4-sp/hard\libc.a(lib_a-mlock.o)
                0x08005e98                __malloc_lock
 .text.__malloc_unlock
                0x08005ea4        0xc e:/asc/plugins/fr.ac6.mcu.externaltools.arm-none.win32_1.17.0.201812190825/tools/compiler/bin/../lib/gcc/arm-none-eabi/7.3.1/../../../../arm-none-eabi/lib/thumb/v7e-m/fpv4-sp/hard\libc.a(lib_a-mlock.o)
                0x08005ea4                __malloc_unlock
 .text._Balloc  0x08005eb0       0x4c e:/asc/plugins/fr.ac6.mcu.externaltools.arm-none.win32_1.17.0.201812190825/tools/compiler/bin/../lib/gcc/arm-none-eabi/7.3.1/../../../../arm-none-eabi/lib/thumb/v7e-m/fpv4-sp/hard\libc.a(lib_a-mprec.o)
                0x08005eb0                _Balloc
 .text._Bfree   0x08005efc       0x14 e:/asc/plugins/fr.ac6.mcu.externaltools.arm-none.win32_1.17.0.201812190825/tools/compiler/bin/../lib/gcc/arm-none-eabi/7.3.1/../../../../arm-none-eabi/lib/thumb/v7e-m/fpv4-sp/hard\libc.a(lib_a-mprec.o)
                0x08005efc                _Bfree
 .text.__multadd
                0x08005f10       0x80 e:/asc/plugins/fr.ac6.mcu.externaltools.arm-none.win32_1.17.0.201812190825/tools/compiler/bin/../lib/gcc/arm-none-eabi/7.3.1/../../../../arm-none-eabi/lib/thumb/v7e-m/fpv4-sp/hard\libc.a(lib_a-mprec.o)
                0x08005f10                __multadd
 .text.__hi0bits
                0x08005f90       0x40 e:/asc/plugins/fr.ac6.mcu.externaltools.arm-none.win32_1.17.0.201812190825/tools/compiler/bin/../lib/gcc/arm-none-eabi/7.3.1/../../../../arm-none-eabi/lib/thumb/v7e-m/fpv4-sp/hard\libc.a(lib_a-mprec.o)
                0x08005f90                __hi0bits
 .text.__lo0bits
                0x08005fd0       0x60 e:/asc/plugins/fr.ac6.mcu.externaltools.arm-none.win32_1.17.0.201812190825/tools/compiler/bin/../lib/gcc/arm-none-eabi/7.3.1/../../../../arm-none-eabi/lib/thumb/v7e-m/fpv4-sp/hard\libc.a(lib_a-mprec.o)
                0x08005fd0                __lo0bits
 .text.__i2b    0x08006030       0x14 e:/asc/plugins/fr.ac6.mcu.externaltools.arm-none.win32_1.17.0.201812190825/tools/compiler/bin/../lib/gcc/arm-none-eabi/7.3.1/../../../../arm-none-eabi/lib/thumb/v7e-m/fpv4-sp/hard\libc.a(lib_a-mprec.o)
                0x08006030                __i2b
 .text.__multiply
                0x08006044      0x14c e:/asc/plugins/fr.ac6.mcu.externaltools.arm-none.win32_1.17.0.201812190825/tools/compiler/bin/../lib/gcc/arm-none-eabi/7.3.1/../../../../arm-none-eabi/lib/thumb/v7e-m/fpv4-sp/hard\libc.a(lib_a-mprec.o)
                0x08006044                __multiply
 .text.__pow5mult
                0x08006190       0xa0 e:/asc/plugins/fr.ac6.mcu.externaltools.arm-none.win32_1.17.0.201812190825/tools/compiler/bin/../lib/gcc/arm-none-eabi/7.3.1/../../../../arm-none-eabi/lib/thumb/v7e-m/fpv4-sp/hard\libc.a(lib_a-mprec.o)
                0x08006190                __pow5mult
 .text.__lshift
                0x08006230       0xac e:/asc/plugins/fr.ac6.mcu.externaltools.arm-none.win32_1.17.0.201812190825/tools/compiler/bin/../lib/gcc/arm-none-eabi/7.3.1/../../../../arm-none-eabi/lib/thumb/v7e-m/fpv4-sp/hard\libc.a(lib_a-mprec.o)
                0x08006230                __lshift
 .text.__mcmp   0x080062dc       0x38 e:/asc/plugins/fr.ac6.mcu.externaltools.arm-none.win32_1.17.0.201812190825/tools/compiler/bin/../lib/gcc/arm-none-eabi/7.3.1/../../../../arm-none-eabi/lib/thumb/v7e-m/fpv4-sp/hard\libc.a(lib_a-mprec.o)
                0x080062dc                __mcmp
 .text.__mdiff  0x08006314       0xec e:/asc/plugins/fr.ac6.mcu.externaltools.arm-none.win32_1.17.0.201812190825/tools/compiler/bin/../lib/gcc/arm-none-eabi/7.3.1/../../../../arm-none-eabi/lib/thumb/v7e-m/fpv4-sp/hard\libc.a(lib_a-mprec.o)
                0x08006314                __mdiff
 .text.__d2b    0x08006400       0xc4 e:/asc/plugins/fr.ac6.mcu.externaltools.arm-none.win32_1.17.0.201812190825/tools/compiler/bin/../lib/gcc/arm-none-eabi/7.3.1/../../../../arm-none-eabi/lib/thumb/v7e-m/fpv4-sp/hard\libc.a(lib_a-mprec.o)
                0x08006400                __d2b
 .text.frexp    0x080064c4       0x68 e:/asc/plugins/fr.ac6.mcu.externaltools.arm-none.win32_1.17.0.201812190825/tools/compiler/bin/../lib/gcc/arm-none-eabi/7.3.1/../../../../arm-none-eabi/lib/thumb/v7e-m/fpv4-sp/hard\libc.a(lib_a-s_frexp.o)
                0x080064c4                frexp
 .text._sbrk_r  0x0800652c       0x24 e:/asc/plugins/fr.ac6.mcu.externaltools.arm-none.win32_1.17.0.201812190825/tools/compiler/bin/../lib/gcc/arm-none-eabi/7.3.1/../../../../arm-none-eabi/lib/thumb/v7e-m/fpv4-sp/hard\libc.a(lib_a-sbrkr.o)
                0x0800652c                _sbrk_r
 .text.strncpy  0x08006550       0x64 e:/asc/plugins/fr.ac6.mcu.externaltools.arm-none.win32_1.17.0.201812190825/tools/compiler/bin/../lib/gcc/arm-none-eabi/7.3.1/../../../../arm-none-eabi/lib/thumb/v7e-m/fpv4-sp/hard\libc.a(lib_a-strncpy.o)
                0x08006550                strncpy
 .text.__ssprint_r
                0x080065b4       0xf4 e:/asc/plugins/fr.ac6.mcu.externaltools.arm-none.win32_1.17.0.201812190825/tools/compiler/bin/../lib/gcc/arm-none-eabi/7.3.1/../../../../arm-none-eabi/lib/thumb/v7e-m/fpv4-sp/hard\libc.a(lib_a-svfiprintf.o)
                0x080065b4                __ssprint_r
 .text.__register_exitproc
                0x080066a8       0xc0 e:/asc/plugins/fr.ac6.mcu.externaltools.arm-none.win32_1.17.0.201812190825/tools/compiler/bin/../lib/gcc/arm-none-eabi/7.3.1/../../../../arm-none-eabi/lib/thumb/v7e-m/fpv4-sp/hard\libc.a(lib_a-__atexit.o)
                0x080066a8                __register_exitproc
 .text._calloc_r
                0x08006768       0x68 e:/asc/plugins/fr.ac6.mcu.externaltools.arm-none.win32_1.17.0.201812190825/tools/compiler/bin/../lib/gcc/arm-none-eabi/7.3.1/../../../../arm-none-eabi/lib/thumb/v7e-m/fpv4-sp/hard\libc.a(lib_a-callocr.o)
                0x08006768                _calloc_r
 .text.__ascii_mbtowc
                0x080067d0       0x2c e:/asc/plugins/fr.ac6.mcu.externaltools.arm-none.win32_1.17.0.201812190825/tools/compiler/bin/../lib/gcc/arm-none-eabi/7.3.1/../../../../arm-none-eabi/lib/thumb/v7e-m/fpv4-sp/hard\libc.a(lib_a-mbtowc_r.o)
                0x080067d0                __ascii_mbtowc
 .text.memmove  0x080067fc       0xc8 e:/asc/plugins/fr.ac6.mcu.externaltools.arm-none.win32_1.17.0.201812190825/tools/compiler/bin/../lib/gcc/arm-none-eabi/7.3.1/../../../../arm-none-eabi/lib/thumb/v7e-m/fpv4-sp/hard\libc.a(lib_a-memmove.o)
                0x080067fc                memmove
 .text._realloc_r
                0x080068c4      0x35c e:/asc/plugins/fr.ac6.mcu.externaltools.arm-none.win32_1.17.0.201812190825/tools/compiler/bin/../lib/gcc/arm-none-eabi/7.3.1/../../../../arm-none-eabi/lib/thumb/v7e-m/fpv4-sp/hard\libc.a(lib_a-reallocr.o)
                0x080068c4                _realloc_r
 .text.__ascii_wctomb
                0x08006c20       0x1c e:/asc/plugins/fr.ac6.mcu.externaltools.arm-none.win32_1.17.0.201812190825/tools/compiler/bin/../lib/gcc/arm-none-eabi/7.3.1/../../../../arm-none-eabi/lib/thumb/v7e-m/fpv4-sp/hard\libc.a(lib_a-wctomb_r.o)
                0x08006c20                __ascii_wctomb
 *(.glue_7)
 .glue_7        0x08006c3c        0x0 linker stubs
 *(.glue_7t)
 .glue_7t       0x08006c3c        0x0 linker stubs
 *(.eh_frame)
 .eh_frame      0x08006c3c        0x0 e:/asc/plugins/fr.ac6.mcu.externaltools.arm-none.win32_1.17.0.201812190825/tools/compiler/bin/../lib/gcc/arm-none-eabi/7.3.1/thumb/v7e-m/fpv4-sp/hard/crtbegin.o
 *(.init)
 .init          0x08006c3c        0x4 e:/asc/plugins/fr.ac6.mcu.externaltools.arm-none.win32_1.17.0.201812190825/tools/compiler/bin/../lib/gcc/arm-none-eabi/7.3.1/thumb/v7e-m/fpv4-sp/hard/crti.o
                0x08006c3c                _init
 .init          0x08006c40        0x8 e:/asc/plugins/fr.ac6.mcu.externaltools.arm-none.win32_1.17.0.201812190825/tools/compiler/bin/../lib/gcc/arm-none-eabi/7.3.1/thumb/v7e-m/fpv4-sp/hard/crtn.o
 *(.fini)
 .fini          0x08006c48        0x4 e:/asc/plugins/fr.ac6.mcu.externaltools.arm-none.win32_1.17.0.201812190825/tools/compiler/bin/../lib/gcc/arm-none-eabi/7.3.1/thumb/v7e-m/fpv4-sp/hard/crti.o
                0x08006c48                _fini
 .fini          0x08006c4c        0x8 e:/asc/plugins/fr.ac6.mcu.externaltools.arm-none.win32_1.17.0.201812190825/tools/compiler/bin/../lib/gcc/arm-none-eabi/7.3.1/thumb/v7e-m/fpv4-sp/hard/crtn.o
                0x08006c54                . = ALIGN (0x4)
                0x08006c54                _etext = .

.vfp11_veneer   0x08006c54        0x0
 .vfp11_veneer  0x08006c54        0x0 linker stubs

.v4_bx          0x08006c54        0x0
 .v4_bx         0x08006c54        0x0 linker stubs

.iplt           0x08006c54        0x0
 .iplt          0x08006c54        0x0 e:/asc/plugins/fr.ac6.mcu.externaltools.arm-none.win32_1.17.0.201812190825/tools/compiler/bin/../lib/gcc/arm-none-eabi/7.3.1/thumb/v7e-m/fpv4-sp/hard/crtbegin.o

.rodata         0x08006c58      0x480
                0x08006c58                . = ALIGN (0x4)
 *(.rodata)
 .rodata        0x08006c58       0x67 src/BOOT_LOADER/BOOT.o
 *fill*         0x08006cbf        0x1 
 .rodata        0x08006cc0       0xaa src/HAL/WIFI_lOCAL.o
 *fill*         0x08006d6a        0x2 
 .rodata        0x08006d6c        0x9 src/Services_layers/Special_Uart_wifi_local.o
 *fill*         0x08006d75        0x3 
 .rodata        0x08006d78       0x10 src/Services_layers/debug.o
 .rodata        0x08006d88       0xc1 src/main.o
 *(.rodata*)
 *fill*         0x08006e49        0x3 
 .rodata._global_impure_ptr
                0x08006e4c        0x4 e:/asc/plugins/fr.ac6.mcu.externaltools.arm-none.win32_1.17.0.201812190825/tools/compiler/bin/../lib/gcc/arm-none-eabi/7.3.1/../../../../arm-none-eabi/lib/thumb/v7e-m/fpv4-sp/hard\libc.a(lib_a-impure.o)
                0x08006e4c                _global_impure_ptr
 .rodata._svfprintf_r.str1.4
                0x08006e50       0x42 e:/asc/plugins/fr.ac6.mcu.externaltools.arm-none.win32_1.17.0.201812190825/tools/compiler/bin/../lib/gcc/arm-none-eabi/7.3.1/../../../../arm-none-eabi/lib/thumb/v7e-m/fpv4-sp/hard\libc.a(lib_a-svfprintf.o)
 *fill*         0x08006e92        0x2 
 .rodata.blanks.8590
                0x08006e94       0x10 e:/asc/plugins/fr.ac6.mcu.externaltools.arm-none.win32_1.17.0.201812190825/tools/compiler/bin/../lib/gcc/arm-none-eabi/7.3.1/../../../../arm-none-eabi/lib/thumb/v7e-m/fpv4-sp/hard\libc.a(lib_a-svfprintf.o)
 .rodata.zeroes.8591
                0x08006ea4       0x10 e:/asc/plugins/fr.ac6.mcu.externaltools.arm-none.win32_1.17.0.201812190825/tools/compiler/bin/../lib/gcc/arm-none-eabi/7.3.1/../../../../arm-none-eabi/lib/thumb/v7e-m/fpv4-sp/hard\libc.a(lib_a-svfprintf.o)
 .rodata._dtoa_r.str1.4
                0x08006eb4       0x10 e:/asc/plugins/fr.ac6.mcu.externaltools.arm-none.win32_1.17.0.201812190825/tools/compiler/bin/../lib/gcc/arm-none-eabi/7.3.1/../../../../arm-none-eabi/lib/thumb/v7e-m/fpv4-sp/hard\libc.a(lib_a-dtoa.o)
                                 0x12 (size before relaxing)
 *fill*         0x08006ec4        0x4 
 .rodata.__mprec_bigtens
                0x08006ec8       0x28 e:/asc/plugins/fr.ac6.mcu.externaltools.arm-none.win32_1.17.0.201812190825/tools/compiler/bin/../lib/gcc/arm-none-eabi/7.3.1/../../../../arm-none-eabi/lib/thumb/v7e-m/fpv4-sp/hard\libc.a(lib_a-mprec.o)
                0x08006ec8                __mprec_bigtens
 .rodata.__mprec_tens
                0x08006ef0       0xc8 e:/asc/plugins/fr.ac6.mcu.externaltools.arm-none.win32_1.17.0.201812190825/tools/compiler/bin/../lib/gcc/arm-none-eabi/7.3.1/../../../../arm-none-eabi/lib/thumb/v7e-m/fpv4-sp/hard\libc.a(lib_a-mprec.o)
                0x08006ef0                __mprec_tens
 .rodata.p05.7367
                0x08006fb8        0xc e:/asc/plugins/fr.ac6.mcu.externaltools.arm-none.win32_1.17.0.201812190825/tools/compiler/bin/../lib/gcc/arm-none-eabi/7.3.1/../../../../arm-none-eabi/lib/thumb/v7e-m/fpv4-sp/hard\libc.a(lib_a-mprec.o)
 .rodata._setlocale_r.str1.4
                0x08006fc4        0xa e:/asc/plugins/fr.ac6.mcu.externaltools.arm-none.win32_1.17.0.201812190825/tools/compiler/bin/../lib/gcc/arm-none-eabi/7.3.1/../../../../arm-none-eabi/lib/thumb/v7e-m/fpv4-sp/hard\libc.a(lib_a-locale.o)
                                  0xd (size before relaxing)
 *fill*         0x08006fce        0x2 
 .rodata.str1.4
                0x08006fd0        0x4 e:/asc/plugins/fr.ac6.mcu.externaltools.arm-none.win32_1.17.0.201812190825/tools/compiler/bin/../lib/gcc/arm-none-eabi/7.3.1/../../../../arm-none-eabi/lib/thumb/v7e-m/fpv4-sp/hard\libc.a(lib_a-locale.o)
                                  0x2 (size before relaxing)
 .rodata._ctype_
                0x08006fd4      0x101 e:/asc/plugins/fr.ac6.mcu.externaltools.arm-none.win32_1.17.0.201812190825/tools/compiler/bin/../lib/gcc/arm-none-eabi/7.3.1/../../../../arm-none-eabi/lib/thumb/v7e-m/fpv4-sp/hard\libc.a(lib_a-ctype_.o)
                0x08006fd4                _ctype_
                0x080070d8                . = ALIGN (0x4)
 *fill*         0x080070d5        0x3 

.ARM.extab      0x080070d8        0x0
                0x080070d8                . = ALIGN (0x4)
 *(.ARM.extab* .gnu.linkonce.armextab.*)
                0x080070d8                . = ALIGN (0x4)

.ARM            0x080070d8        0x8
                0x080070d8                . = ALIGN (0x4)
                0x080070d8                __exidx_start = .
 *(.ARM.exidx*)
 .ARM.exidx     0x080070d8        0x8 e:/asc/plugins/fr.ac6.mcu.externaltools.arm-none.win32_1.17.0.201812190825/tools/compiler/bin/../lib/gcc/arm-none-eabi/7.3.1/thumb/v7e-m/fpv4-sp/hard\libgcc.a(_udivmoddi4.o)
                0x080070e0                __exidx_end = .
                0x080070e0                . = ALIGN (0x4)

.rel.dyn        0x080070e0        0x0
 .rel.iplt      0x080070e0        0x0 e:/asc/plugins/fr.ac6.mcu.externaltools.arm-none.win32_1.17.0.201812190825/tools/compiler/bin/../lib/gcc/arm-none-eabi/7.3.1/thumb/v7e-m/fpv4-sp/hard/crtbegin.o

.preinit_array  0x080070e0        0x0
                0x080070e0                . = ALIGN (0x4)
                0x080070e0                PROVIDE (__preinit_array_start = .)
 *(.preinit_array*)
                0x080070e0                PROVIDE (__preinit_array_end = .)
                0x080070e0                . = ALIGN (0x4)

.init_array     0x080070e0        0x8
                0x080070e0                . = ALIGN (0x4)
                0x080070e0                PROVIDE (__init_array_start = .)
 *(SORT_BY_NAME(.init_array.*))
 .init_array.00000
                0x080070e0        0x4 e:/asc/plugins/fr.ac6.mcu.externaltools.arm-none.win32_1.17.0.201812190825/tools/compiler/bin/../lib/gcc/arm-none-eabi/7.3.1/../../../../arm-none-eabi/lib/thumb/v7e-m/fpv4-sp/hard\libc.a(lib_a-__call_atexit.o)
 *(.init_array*)
 .init_array    0x080070e4        0x4 e:/asc/plugins/fr.ac6.mcu.externaltools.arm-none.win32_1.17.0.201812190825/tools/compiler/bin/../lib/gcc/arm-none-eabi/7.3.1/thumb/v7e-m/fpv4-sp/hard/crtbegin.o
                0x080070e8                PROVIDE (__init_array_end = .)
                0x080070e8                . = ALIGN (0x4)

.fini_array     0x080070e8        0x4
                0x080070e8                . = ALIGN (0x4)
                0x080070e8                PROVIDE (__fini_array_start = .)
 *(SORT_BY_NAME(.fini_array.*))
 *(.fini_array*)
 .fini_array    0x080070e8        0x4 e:/asc/plugins/fr.ac6.mcu.externaltools.arm-none.win32_1.17.0.201812190825/tools/compiler/bin/../lib/gcc/arm-none-eabi/7.3.1/thumb/v7e-m/fpv4-sp/hard/crtbegin.o
                0x080070ec                PROVIDE (__fini_array_end = .)
                0x080070ec                . = ALIGN (0x4)
                0x080070ec                _sidata = LOADADDR (.data)

.data           0x20000000      0x9b0 load address 0x080070ec
                0x20000000                . = ALIGN (0x4)
                0x20000000                _sdata = .
 *(.data)
 .data          0x20000000        0x4 src/BOOT_LOADER/BOOT.o
                0x20000000                mem_address
 *(.data*)
 .data._impure_ptr
                0x20000004        0x4 e:/asc/plugins/fr.ac6.mcu.externaltools.arm-none.win32_1.17.0.201812190825/tools/compiler/bin/../lib/gcc/arm-none-eabi/7.3.1/../../../../arm-none-eabi/lib/thumb/v7e-m/fpv4-sp/hard\libc.a(lib_a-impure.o)
                0x20000004                _impure_ptr
 .data.impure_data
                0x20000008      0x428 e:/asc/plugins/fr.ac6.mcu.externaltools.arm-none.win32_1.17.0.201812190825/tools/compiler/bin/../lib/gcc/arm-none-eabi/7.3.1/../../../../arm-none-eabi/lib/thumb/v7e-m/fpv4-sp/hard\libc.a(lib_a-impure.o)
 .data.__atexit_recursive_mutex
                0x20000430        0x4 e:/asc/plugins/fr.ac6.mcu.externaltools.arm-none.win32_1.17.0.201812190825/tools/compiler/bin/../lib/gcc/arm-none-eabi/7.3.1/../../../../arm-none-eabi/lib/thumb/v7e-m/fpv4-sp/hard\libc.a(lib_a-__call_atexit.o)
                0x20000430                __atexit_recursive_mutex
 .data.__malloc_av_
                0x20000434      0x408 e:/asc/plugins/fr.ac6.mcu.externaltools.arm-none.win32_1.17.0.201812190825/tools/compiler/bin/../lib/gcc/arm-none-eabi/7.3.1/../../../../arm-none-eabi/lib/thumb/v7e-m/fpv4-sp/hard\libc.a(lib_a-mallocr.o)
                0x20000434                __malloc_av_
 .data.__malloc_sbrk_base
                0x2000083c        0x4 e:/asc/plugins/fr.ac6.mcu.externaltools.arm-none.win32_1.17.0.201812190825/tools/compiler/bin/../lib/gcc/arm-none-eabi/7.3.1/../../../../arm-none-eabi/lib/thumb/v7e-m/fpv4-sp/hard\libc.a(lib_a-mallocr.o)
                0x2000083c                __malloc_sbrk_base
 .data.__malloc_trim_threshold
                0x20000840        0x4 e:/asc/plugins/fr.ac6.mcu.externaltools.arm-none.win32_1.17.0.201812190825/tools/compiler/bin/../lib/gcc/arm-none-eabi/7.3.1/../../../../arm-none-eabi/lib/thumb/v7e-m/fpv4-sp/hard\libc.a(lib_a-mallocr.o)
                0x20000840                __malloc_trim_threshold
 .data.__global_locale
                0x20000844      0x16c e:/asc/plugins/fr.ac6.mcu.externaltools.arm-none.win32_1.17.0.201812190825/tools/compiler/bin/../lib/gcc/arm-none-eabi/7.3.1/../../../../arm-none-eabi/lib/thumb/v7e-m/fpv4-sp/hard\libc.a(lib_a-locale.o)
                0x20000844                __global_locale
                0x200009b0                . = ALIGN (0x4)
                0x200009b0                _edata = .

.igot.plt       0x200009b0        0x0 load address 0x08007a9c
 .igot.plt      0x200009b0        0x0 e:/asc/plugins/fr.ac6.mcu.externaltools.arm-none.win32_1.17.0.201812190825/tools/compiler/bin/../lib/gcc/arm-none-eabi/7.3.1/thumb/v7e-m/fpv4-sp/hard/crtbegin.o
                0x200009b0                . = ALIGN (0x4)

.bss            0x200009b0     0x2c08 load address 0x08007a9c
                0x200009b0                _sbss = .
                0x200009b0                __bss_start__ = _sbss
 *(.bss)
 .bss           0x200009b0       0x1c e:/asc/plugins/fr.ac6.mcu.externaltools.arm-none.win32_1.17.0.201812190825/tools/compiler/bin/../lib/gcc/arm-none-eabi/7.3.1/thumb/v7e-m/fpv4-sp/hard/crtbegin.o
 *fill*         0x200009cc        0x4 
 .bss           0x200009d0        0x8 src/MCAL/TIMER_6.o
 .bss           0x200009d8        0x8 src/syscalls.o
                0x200009d8                __env
 *(.bss*)
 .bss.__malloc_current_mallinfo
                0x200009e0       0x28 e:/asc/plugins/fr.ac6.mcu.externaltools.arm-none.win32_1.17.0.201812190825/tools/compiler/bin/../lib/gcc/arm-none-eabi/7.3.1/../../../../arm-none-eabi/lib/thumb/v7e-m/fpv4-sp/hard\libc.a(lib_a-mallocr.o)
                0x200009e0                __malloc_current_mallinfo
 .bss.__malloc_max_sbrked_mem
                0x20000a08        0x4 e:/asc/plugins/fr.ac6.mcu.externaltools.arm-none.win32_1.17.0.201812190825/tools/compiler/bin/../lib/gcc/arm-none-eabi/7.3.1/../../../../arm-none-eabi/lib/thumb/v7e-m/fpv4-sp/hard\libc.a(lib_a-mallocr.o)
                0x20000a08                __malloc_max_sbrked_mem
 .bss.__malloc_max_total_mem
                0x20000a0c        0x4 e:/asc/plugins/fr.ac6.mcu.externaltools.arm-none.win32_1.17.0.201812190825/tools/compiler/bin/../lib/gcc/arm-none-eabi/7.3.1/../../../../arm-none-eabi/lib/thumb/v7e-m/fpv4-sp/hard\libc.a(lib_a-mallocr.o)
                0x20000a0c                __malloc_max_total_mem
 .bss.__malloc_top_pad
                0x20000a10        0x4 e:/asc/plugins/fr.ac6.mcu.externaltools.arm-none.win32_1.17.0.201812190825/tools/compiler/bin/../lib/gcc/arm-none-eabi/7.3.1/../../../../arm-none-eabi/lib/thumb/v7e-m/fpv4-sp/hard\libc.a(lib_a-mallocr.o)
                0x20000a10                __malloc_top_pad
 *(COMMON)
 COMMON         0x20000a14        0x4 src/MCAL/TIMER_5.o
                0x20000a14                timer_5_ptr
 COMMON         0x20000a18        0x4 src/MCAL/TIMER_6.o
                0x20000a18                timer_6_ptr
 COMMON         0x20000a1c        0xc src/MCAL/TIMER_7.o
                0x20000a1c                timer_77_ptr
                0x20000a20                timer_7_ptr
                0x20000a24                timer_777_ptr
 COMMON         0x20000a28      0x3f4 src/MCAL/UART_1.o
                0x20000a28                wifi_local_connection
 COMMON         0x20000e1c      0x3f4 src/MCAL/UART_3.o
                0x20000e1c                wifi_MQTT_connection
 COMMON         0x20001210     0x2360 src/Services_layers/Special_Uart_wifi_local.o
                0x20001210                Uart_String_wifi_local_DATA_ONLY
                0x200021cc                data
                0x200025b4                Uart_String_wifi_local
 COMMON         0x20003570       0x20 src/Services_layers/Speical_Timer.o
                0x20003570                Counter_S_Timer_flag
                0x20003578                Counter_S_Timer
 COMMON         0x20003590       0x21 e:/asc/plugins/fr.ac6.mcu.externaltools.arm-none.win32_1.17.0.201812190825/tools/compiler/bin/../lib/gcc/arm-none-eabi/7.3.1/../../../../arm-none-eabi/lib/thumb/v7e-m/fpv4-sp/hard\libc.a(lib_a-lock.o)
                0x20003590                __lock___atexit_recursive_mutex
                0x20003594                __lock___arc4random_mutex
                0x20003598                __lock___env_recursive_mutex
                0x2000359c                __lock___sinit_recursive_mutex
                0x200035a0                __lock___malloc_recursive_mutex
                0x200035a4                __lock___at_quick_exit_mutex
                0x200035a8                __lock___dd_hash_mutex
                0x200035ac                __lock___tz_mutex
                0x200035b0                __lock___sfp_recursive_mutex
 *fill*         0x200035b1        0x3 
 COMMON         0x200035b4        0x4 e:/asc/plugins/fr.ac6.mcu.externaltools.arm-none.win32_1.17.0.201812190825/tools/compiler/bin/../lib/gcc/arm-none-eabi/7.3.1/../../../../arm-none-eabi/lib/thumb/v7e-m/fpv4-sp/hard\libc.a(lib_a-reent.o)
                0x200035b4                errno
                0x200035b8                . = ALIGN (0x4)
                0x200035b8                _ebss = .
                0x200035b8                __bss_end__ = _ebss

._user_heap_stack
                0x200035b8      0x400 load address 0x08007a9c
                0x200035b8                . = ALIGN (0x8)
                0x200035b8                PROVIDE (end = .)
                [!provide]                PROVIDE (_end = .)
                0x200035b8                . = (. + _Min_Heap_Size)
                0x200039b8                . = (. + _Min_Stack_Size)
 *fill*         0x200035b8      0x400 
                0x200039b8                . = ALIGN (0x8)

/DISCARD/
 libc.a(*)
 libm.a(*)
 libgcc.a(*)

.ARM.attributes
                0x00000000       0x30
 *(.ARM.attributes)
 .ARM.attributes
                0x00000000       0x22 e:/asc/plugins/fr.ac6.mcu.externaltools.arm-none.win32_1.17.0.201812190825/tools/compiler/bin/../lib/gcc/arm-none-eabi/7.3.1/thumb/v7e-m/fpv4-sp/hard/crti.o
 .ARM.attributes
                0x00000022       0x34 e:/asc/plugins/fr.ac6.mcu.externaltools.arm-none.win32_1.17.0.201812190825/tools/compiler/bin/../lib/gcc/arm-none-eabi/7.3.1/thumb/v7e-m/fpv4-sp/hard/crtbegin.o
 .ARM.attributes
                0x00000056       0x39 StdPeriph_Driver/src/stm32f4xx_crc.o
 .ARM.attributes
                0x0000008f       0x39 StdPeriph_Driver/src/stm32f4xx_flash.o
 .ARM.attributes
                0x000000c8       0x39 src/BOOT_LOADER/BOOT.o
 .ARM.attributes
                0x00000101       0x39 src/HAL/WIFI_lOCAL.o
 .ARM.attributes
                0x0000013a       0x39 src/MCAL/GPIO.o
 .ARM.attributes
                0x00000173       0x39 src/MCAL/TIMER_5.o
 .ARM.attributes
                0x000001ac       0x39 src/MCAL/TIMER_6.o
 .ARM.attributes
                0x000001e5       0x39 src/MCAL/TIMER_7.o
 .ARM.attributes
                0x0000021e       0x39 src/MCAL/UART_1.o
 .ARM.attributes
                0x00000257       0x39 src/MCAL/UART_2.o
 .ARM.attributes
                0x00000290       0x39 src/MCAL/UART_3.o
 .ARM.attributes
                0x000002c9       0x39 src/Services_layers/Queue.o
 .ARM.attributes
                0x00000302       0x39 src/Services_layers/Special_Uart_wifi_local.o
 .ARM.attributes
                0x0000033b       0x39 src/Services_layers/Speical_Timer.o
 .ARM.attributes
                0x00000374       0x39 src/Services_layers/String_Queue.o
 .ARM.attributes
                0x000003ad       0x39 src/Services_layers/debug.o
 .ARM.attributes
                0x000003e6       0x39 src/Services_layers/delay.o
 .ARM.attributes
                0x0000041f       0x39 src/main.o
 .ARM.attributes
                0x00000458       0x39 src/syscalls.o
 .ARM.attributes
                0x00000491       0x39 src/system_stm32f4xx.o
 .ARM.attributes
                0x000004ca       0x21 startup/startup_stm32.o
 .ARM.attributes
                0x000004eb       0x34 e:/asc/plugins/fr.ac6.mcu.externaltools.arm-none.win32_1.17.0.201812190825/tools/compiler/bin/../lib/gcc/arm-none-eabi/7.3.1/../../../../arm-none-eabi/lib/thumb/v7e-m/fpv4-sp/hard\libc.a(lib_a-errno.o)
 .ARM.attributes
                0x0000051f       0x34 e:/asc/plugins/fr.ac6.mcu.externaltools.arm-none.win32_1.17.0.201812190825/tools/compiler/bin/../lib/gcc/arm-none-eabi/7.3.1/../../../../arm-none-eabi/lib/thumb/v7e-m/fpv4-sp/hard\libc.a(lib_a-impure.o)
 .ARM.attributes
                0x00000553       0x34 e:/asc/plugins/fr.ac6.mcu.externaltools.arm-none.win32_1.17.0.201812190825/tools/compiler/bin/../lib/gcc/arm-none-eabi/7.3.1/../../../../arm-none-eabi/lib/thumb/v7e-m/fpv4-sp/hard\libc.a(lib_a-init.o)
 .ARM.attributes
                0x00000587       0x34 e:/asc/plugins/fr.ac6.mcu.externaltools.arm-none.win32_1.17.0.201812190825/tools/compiler/bin/../lib/gcc/arm-none-eabi/7.3.1/../../../../arm-none-eabi/lib/thumb/v7e-m/fpv4-sp/hard\libc.a(lib_a-memcmp.o)
 .ARM.attributes
                0x000005bb       0x20 e:/asc/plugins/fr.ac6.mcu.externaltools.arm-none.win32_1.17.0.201812190825/tools/compiler/bin/../lib/gcc/arm-none-eabi/7.3.1/../../../../arm-none-eabi/lib/thumb/v7e-m/fpv4-sp/hard\libc.a(lib_a-memcpy.o)
 .ARM.attributes
                0x000005db       0x34 e:/asc/plugins/fr.ac6.mcu.externaltools.arm-none.win32_1.17.0.201812190825/tools/compiler/bin/../lib/gcc/arm-none-eabi/7.3.1/../../../../arm-none-eabi/lib/thumb/v7e-m/fpv4-sp/hard\libc.a(lib_a-memset.o)
 .ARM.attributes
                0x0000060f       0x34 e:/asc/plugins/fr.ac6.mcu.externaltools.arm-none.win32_1.17.0.201812190825/tools/compiler/bin/../lib/gcc/arm-none-eabi/7.3.1/../../../../arm-none-eabi/lib/thumb/v7e-m/fpv4-sp/hard\libc.a(lib_a-sprintf.o)
 .ARM.attributes
                0x00000643       0x20 e:/asc/plugins/fr.ac6.mcu.externaltools.arm-none.win32_1.17.0.201812190825/tools/compiler/bin/../lib/gcc/arm-none-eabi/7.3.1/../../../../arm-none-eabi/lib/thumb/v7e-m/fpv4-sp/hard\libc.a(lib_a-strlen.o)
 .ARM.attributes
                0x00000663       0x34 e:/asc/plugins/fr.ac6.mcu.externaltools.arm-none.win32_1.17.0.201812190825/tools/compiler/bin/../lib/gcc/arm-none-eabi/7.3.1/../../../../arm-none-eabi/lib/thumb/v7e-m/fpv4-sp/hard\libc.a(lib_a-svfprintf.o)
 .ARM.attributes
                0x00000697       0x34 e:/asc/plugins/fr.ac6.mcu.externaltools.arm-none.win32_1.17.0.201812190825/tools/compiler/bin/../lib/gcc/arm-none-eabi/7.3.1/../../../../arm-none-eabi/lib/thumb/v7e-m/fpv4-sp/hard\libc.a(lib_a-__call_atexit.o)
 .ARM.attributes
                0x000006cb       0x34 e:/asc/plugins/fr.ac6.mcu.externaltools.arm-none.win32_1.17.0.201812190825/tools/compiler/bin/../lib/gcc/arm-none-eabi/7.3.1/../../../../arm-none-eabi/lib/thumb/v7e-m/fpv4-sp/hard\libc.a(lib_a-atexit.o)
 .ARM.attributes
                0x000006ff       0x34 e:/asc/plugins/fr.ac6.mcu.externaltools.arm-none.win32_1.17.0.201812190825/tools/compiler/bin/../lib/gcc/arm-none-eabi/7.3.1/../../../../arm-none-eabi/lib/thumb/v7e-m/fpv4-sp/hard\libc.a(lib_a-dtoa.o)
 .ARM.attributes
                0x00000733       0x34 e:/asc/plugins/fr.ac6.mcu.externaltools.arm-none.win32_1.17.0.201812190825/tools/compiler/bin/../lib/gcc/arm-none-eabi/7.3.1/../../../../arm-none-eabi/lib/thumb/v7e-m/fpv4-sp/hard\libc.a(lib_a-fini.o)
 .ARM.attributes
                0x00000767       0x34 e:/asc/plugins/fr.ac6.mcu.externaltools.arm-none.win32_1.17.0.201812190825/tools/compiler/bin/../lib/gcc/arm-none-eabi/7.3.1/../../../../arm-none-eabi/lib/thumb/v7e-m/fpv4-sp/hard\libc.a(lib_a-freer.o)
 .ARM.attributes
                0x0000079b       0x34 e:/asc/plugins/fr.ac6.mcu.externaltools.arm-none.win32_1.17.0.201812190825/tools/compiler/bin/../lib/gcc/arm-none-eabi/7.3.1/../../../../arm-none-eabi/lib/thumb/v7e-m/fpv4-sp/hard\libc.a(lib_a-localeconv.o)
 .ARM.attributes
                0x000007cf       0x34 e:/asc/plugins/fr.ac6.mcu.externaltools.arm-none.win32_1.17.0.201812190825/tools/compiler/bin/../lib/gcc/arm-none-eabi/7.3.1/../../../../arm-none-eabi/lib/thumb/v7e-m/fpv4-sp/hard\libc.a(lib_a-lock.o)
 .ARM.attributes
                0x00000803       0x34 e:/asc/plugins/fr.ac6.mcu.externaltools.arm-none.win32_1.17.0.201812190825/tools/compiler/bin/../lib/gcc/arm-none-eabi/7.3.1/../../../../arm-none-eabi/lib/thumb/v7e-m/fpv4-sp/hard\libc.a(lib_a-mallocr.o)
 .ARM.attributes
                0x00000837       0x20 e:/asc/plugins/fr.ac6.mcu.externaltools.arm-none.win32_1.17.0.201812190825/tools/compiler/bin/../lib/gcc/arm-none-eabi/7.3.1/../../../../arm-none-eabi/lib/thumb/v7e-m/fpv4-sp/hard\libc.a(lib_a-memchr.o)
 .ARM.attributes
                0x00000857       0x34 e:/asc/plugins/fr.ac6.mcu.externaltools.arm-none.win32_1.17.0.201812190825/tools/compiler/bin/../lib/gcc/arm-none-eabi/7.3.1/../../../../arm-none-eabi/lib/thumb/v7e-m/fpv4-sp/hard\libc.a(lib_a-mlock.o)
 .ARM.attributes
                0x0000088b       0x34 e:/asc/plugins/fr.ac6.mcu.externaltools.arm-none.win32_1.17.0.201812190825/tools/compiler/bin/../lib/gcc/arm-none-eabi/7.3.1/../../../../arm-none-eabi/lib/thumb/v7e-m/fpv4-sp/hard\libc.a(lib_a-mprec.o)
 .ARM.attributes
                0x000008bf       0x34 e:/asc/plugins/fr.ac6.mcu.externaltools.arm-none.win32_1.17.0.201812190825/tools/compiler/bin/../lib/gcc/arm-none-eabi/7.3.1/../../../../arm-none-eabi/lib/thumb/v7e-m/fpv4-sp/hard\libc.a(lib_a-s_frexp.o)
 .ARM.attributes
                0x000008f3       0x34 e:/asc/plugins/fr.ac6.mcu.externaltools.arm-none.win32_1.17.0.201812190825/tools/compiler/bin/../lib/gcc/arm-none-eabi/7.3.1/../../../../arm-none-eabi/lib/thumb/v7e-m/fpv4-sp/hard\libc.a(lib_a-sbrkr.o)
 .ARM.attributes
                0x00000927       0x34 e:/asc/plugins/fr.ac6.mcu.externaltools.arm-none.win32_1.17.0.201812190825/tools/compiler/bin/../lib/gcc/arm-none-eabi/7.3.1/../../../../arm-none-eabi/lib/thumb/v7e-m/fpv4-sp/hard\libc.a(lib_a-strncpy.o)
 .ARM.attributes
                0x0000095b       0x34 e:/asc/plugins/fr.ac6.mcu.externaltools.arm-none.win32_1.17.0.201812190825/tools/compiler/bin/../lib/gcc/arm-none-eabi/7.3.1/../../../../arm-none-eabi/lib/thumb/v7e-m/fpv4-sp/hard\libc.a(lib_a-svfiprintf.o)
 .ARM.attributes
                0x0000098f       0x34 e:/asc/plugins/fr.ac6.mcu.externaltools.arm-none.win32_1.17.0.201812190825/tools/compiler/bin/../lib/gcc/arm-none-eabi/7.3.1/../../../../arm-none-eabi/lib/thumb/v7e-m/fpv4-sp/hard\libc.a(lib_a-__atexit.o)
 .ARM.attributes
                0x000009c3       0x34 e:/asc/plugins/fr.ac6.mcu.externaltools.arm-none.win32_1.17.0.201812190825/tools/compiler/bin/../lib/gcc/arm-none-eabi/7.3.1/../../../../arm-none-eabi/lib/thumb/v7e-m/fpv4-sp/hard\libc.a(lib_a-callocr.o)
 .ARM.attributes
                0x000009f7       0x34 e:/asc/plugins/fr.ac6.mcu.externaltools.arm-none.win32_1.17.0.201812190825/tools/compiler/bin/../lib/gcc/arm-none-eabi/7.3.1/../../../../arm-none-eabi/lib/thumb/v7e-m/fpv4-sp/hard\libc.a(lib_a-locale.o)
 .ARM.attributes
                0x00000a2b       0x34 e:/asc/plugins/fr.ac6.mcu.externaltools.arm-none.win32_1.17.0.201812190825/tools/compiler/bin/../lib/gcc/arm-none-eabi/7.3.1/../../../../arm-none-eabi/lib/thumb/v7e-m/fpv4-sp/hard\libc.a(lib_a-mbtowc_r.o)
 .ARM.attributes
                0x00000a5f       0x34 e:/asc/plugins/fr.ac6.mcu.externaltools.arm-none.win32_1.17.0.201812190825/tools/compiler/bin/../lib/gcc/arm-none-eabi/7.3.1/../../../../arm-none-eabi/lib/thumb/v7e-m/fpv4-sp/hard\libc.a(lib_a-memmove.o)
 .ARM.attributes
                0x00000a93       0x34 e:/asc/plugins/fr.ac6.mcu.externaltools.arm-none.win32_1.17.0.201812190825/tools/compiler/bin/../lib/gcc/arm-none-eabi/7.3.1/../../../../arm-none-eabi/lib/thumb/v7e-m/fpv4-sp/hard\libc.a(lib_a-reallocr.o)
 .ARM.attributes
                0x00000ac7       0x34 e:/asc/plugins/fr.ac6.mcu.externaltools.arm-none.win32_1.17.0.201812190825/tools/compiler/bin/../lib/gcc/arm-none-eabi/7.3.1/../../../../arm-none-eabi/lib/thumb/v7e-m/fpv4-sp/hard\libc.a(lib_a-reent.o)
 .ARM.attributes
                0x00000afb       0x34 e:/asc/plugins/fr.ac6.mcu.externaltools.arm-none.win32_1.17.0.201812190825/tools/compiler/bin/../lib/gcc/arm-none-eabi/7.3.1/../../../../arm-none-eabi/lib/thumb/v7e-m/fpv4-sp/hard\libc.a(lib_a-wctomb_r.o)
 .ARM.attributes
                0x00000b2f       0x34 e:/asc/plugins/fr.ac6.mcu.externaltools.arm-none.win32_1.17.0.201812190825/tools/compiler/bin/../lib/gcc/arm-none-eabi/7.3.1/../../../../arm-none-eabi/lib/thumb/v7e-m/fpv4-sp/hard\libc.a(lib_a-ctype_.o)
 .ARM.attributes
                0x00000b63       0x22 e:/asc/plugins/fr.ac6.mcu.externaltools.arm-none.win32_1.17.0.201812190825/tools/compiler/bin/../lib/gcc/arm-none-eabi/7.3.1/thumb/v7e-m/fpv4-sp/hard\libgcc.a(_arm_addsubdf3.o)
 .ARM.attributes
                0x00000b85       0x22 e:/asc/plugins/fr.ac6.mcu.externaltools.arm-none.win32_1.17.0.201812190825/tools/compiler/bin/../lib/gcc/arm-none-eabi/7.3.1/thumb/v7e-m/fpv4-sp/hard\libgcc.a(_arm_muldivdf3.o)
 .ARM.attributes
                0x00000ba7       0x22 e:/asc/plugins/fr.ac6.mcu.externaltools.arm-none.win32_1.17.0.201812190825/tools/compiler/bin/../lib/gcc/arm-none-eabi/7.3.1/thumb/v7e-m/fpv4-sp/hard\libgcc.a(_arm_cmpdf2.o)
 .ARM.attributes
                0x00000bc9       0x22 e:/asc/plugins/fr.ac6.mcu.externaltools.arm-none.win32_1.17.0.201812190825/tools/compiler/bin/../lib/gcc/arm-none-eabi/7.3.1/thumb/v7e-m/fpv4-sp/hard\libgcc.a(_arm_unorddf2.o)
 .ARM.attributes
                0x00000beb       0x22 e:/asc/plugins/fr.ac6.mcu.externaltools.arm-none.win32_1.17.0.201812190825/tools/compiler/bin/../lib/gcc/arm-none-eabi/7.3.1/thumb/v7e-m/fpv4-sp/hard\libgcc.a(_arm_fixdfsi.o)
 .ARM.attributes
                0x00000c0d       0x22 e:/asc/plugins/fr.ac6.mcu.externaltools.arm-none.win32_1.17.0.201812190825/tools/compiler/bin/../lib/gcc/arm-none-eabi/7.3.1/thumb/v7e-m/fpv4-sp/hard\libgcc.a(_aeabi_uldivmod.o)
 .ARM.attributes
                0x00000c2f       0x34 e:/asc/plugins/fr.ac6.mcu.externaltools.arm-none.win32_1.17.0.201812190825/tools/compiler/bin/../lib/gcc/arm-none-eabi/7.3.1/thumb/v7e-m/fpv4-sp/hard\libgcc.a(_udivmoddi4.o)
 .ARM.attributes
                0x00000c63       0x22 e:/asc/plugins/fr.ac6.mcu.externaltools.arm-none.win32_1.17.0.201812190825/tools/compiler/bin/../lib/gcc/arm-none-eabi/7.3.1/thumb/v7e-m/fpv4-sp/hard\libgcc.a(_dvmd_tls.o)
 .ARM.attributes
                0x00000c85       0x22 e:/asc/plugins/fr.ac6.mcu.externaltools.arm-none.win32_1.17.0.201812190825/tools/compiler/bin/../lib/gcc/arm-none-eabi/7.3.1/thumb/v7e-m/fpv4-sp/hard/crtn.o
OUTPUT(BOOT___LOADER4.elf elf32-littlearm)

.debug_info     0x00000000     0xaf03
 .debug_info    0x00000000      0x214 StdPeriph_Driver/src/stm32f4xx_crc.o
 .debug_info    0x00000214      0x947 StdPeriph_Driver/src/stm32f4xx_flash.o
 .debug_info    0x00000b5b     0x14f5 src/BOOT_LOADER/BOOT.o
 .debug_info    0x00002050      0xcef src/HAL/WIFI_lOCAL.o
 .debug_info    0x00002d3f      0x605 src/MCAL/GPIO.o
 .debug_info    0x00003344      0xaa9 src/MCAL/TIMER_5.o
 .debug_info    0x00003ded      0x916 src/MCAL/TIMER_6.o
 .debug_info    0x00004703      0x934 src/MCAL/TIMER_7.o
 .debug_info    0x00005037      0xa22 src/MCAL/UART_1.o
 .debug_info    0x00005a59      0x450 src/MCAL/UART_2.o
 .debug_info    0x00005ea9      0x98c src/MCAL/UART_3.o
 .debug_info    0x00006835      0x304 src/Services_layers/Queue.o
 .debug_info    0x00006b39      0xab4 src/Services_layers/Special_Uart_wifi_local.o
 .debug_info    0x000075ed      0x287 src/Services_layers/Speical_Timer.o
 .debug_info    0x00007874      0xa14 src/Services_layers/String_Queue.o
 .debug_info    0x00008288      0xaed src/Services_layers/debug.o
 .debug_info    0x00008d75       0x64 src/Services_layers/delay.o
 .debug_info    0x00008dd9      0xbb9 src/main.o
 .debug_info    0x00009992      0xf2e src/syscalls.o
 .debug_info    0x0000a8c0      0x621 src/system_stm32f4xx.o
 .debug_info    0x0000aee1       0x22 startup/startup_stm32.o

.debug_abbrev   0x00000000     0x22fd
 .debug_abbrev  0x00000000      0x12a StdPeriph_Driver/src/stm32f4xx_crc.o
 .debug_abbrev  0x0000012a      0x1a3 StdPeriph_Driver/src/stm32f4xx_flash.o
 .debug_abbrev  0x000002cd      0x31e src/BOOT_LOADER/BOOT.o
 .debug_abbrev  0x000005eb      0x278 src/HAL/WIFI_lOCAL.o
 .debug_abbrev  0x00000863      0x138 src/MCAL/GPIO.o
 .debug_abbrev  0x0000099b      0x1ac src/MCAL/TIMER_5.o
 .debug_abbrev  0x00000b47      0x1ce src/MCAL/TIMER_6.o
 .debug_abbrev  0x00000d15      0x1ac src/MCAL/TIMER_7.o
 .debug_abbrev  0x00000ec1      0x233 src/MCAL/UART_1.o
 .debug_abbrev  0x000010f4       0xdd src/MCAL/UART_2.o
 .debug_abbrev  0x000011d1      0x1e9 src/MCAL/UART_3.o
 .debug_abbrev  0x000013ba      0x108 src/Services_layers/Queue.o
 .debug_abbrev  0x000014c2      0x262 src/Services_layers/Special_Uart_wifi_local.o
 .debug_abbrev  0x00001724      0x12c src/Services_layers/Speical_Timer.o
 .debug_abbrev  0x00001850      0x1e7 src/Services_layers/String_Queue.o
 .debug_abbrev  0x00001a37      0x206 src/Services_layers/debug.o
 .debug_abbrev  0x00001c3d       0x61 src/Services_layers/delay.o
 .debug_abbrev  0x00001c9e      0x246 src/main.o
 .debug_abbrev  0x00001ee4      0x2aa src/syscalls.o
 .debug_abbrev  0x0000218e      0x15d src/system_stm32f4xx.o
 .debug_abbrev  0x000022eb       0x12 startup/startup_stm32.o

.debug_aranges  0x00000000      0x770
 .debug_aranges
                0x00000000       0x48 StdPeriph_Driver/src/stm32f4xx_crc.o
 .debug_aranges
                0x00000048      0x158 StdPeriph_Driver/src/stm32f4xx_flash.o
 .debug_aranges
                0x000001a0       0x68 src/BOOT_LOADER/BOOT.o
 .debug_aranges
                0x00000208       0x80 src/HAL/WIFI_lOCAL.o
 .debug_aranges
                0x00000288       0x60 src/MCAL/GPIO.o
 .debug_aranges
                0x000002e8       0x48 src/MCAL/TIMER_5.o
 .debug_aranges
                0x00000330       0x48 src/MCAL/TIMER_6.o
 .debug_aranges
                0x00000378       0x58 src/MCAL/TIMER_7.o
 .debug_aranges
                0x000003d0       0x58 src/MCAL/UART_1.o
 .debug_aranges
                0x00000428       0x28 src/MCAL/UART_2.o
 .debug_aranges
                0x00000450       0x48 src/MCAL/UART_3.o
 .debug_aranges
                0x00000498       0x68 src/Services_layers/Queue.o
 .debug_aranges
                0x00000500       0x48 src/Services_layers/Special_Uart_wifi_local.o
 .debug_aranges
                0x00000548       0x58 src/Services_layers/Speical_Timer.o
 .debug_aranges
                0x000005a0       0x40 src/Services_layers/String_Queue.o
 .debug_aranges
                0x000005e0       0x40 src/Services_layers/debug.o
 .debug_aranges
                0x00000620       0x20 src/Services_layers/delay.o
 .debug_aranges
                0x00000640       0x28 src/main.o
 .debug_aranges
                0x00000668       0xb0 src/syscalls.o
 .debug_aranges
                0x00000718       0x30 src/system_stm32f4xx.o
 .debug_aranges
                0x00000748       0x28 startup/startup_stm32.o

.debug_ranges   0x00000000      0x628
 .debug_ranges  0x00000000       0x38 StdPeriph_Driver/src/stm32f4xx_crc.o
 .debug_ranges  0x00000038      0x148 StdPeriph_Driver/src/stm32f4xx_flash.o
 .debug_ranges  0x00000180       0x58 src/BOOT_LOADER/BOOT.o
 .debug_ranges  0x000001d8       0x70 src/HAL/WIFI_lOCAL.o
 .debug_ranges  0x00000248       0x50 src/MCAL/GPIO.o
 .debug_ranges  0x00000298       0x38 src/MCAL/TIMER_5.o
 .debug_ranges  0x000002d0       0x38 src/MCAL/TIMER_6.o
 .debug_ranges  0x00000308       0x48 src/MCAL/TIMER_7.o
 .debug_ranges  0x00000350       0x48 src/MCAL/UART_1.o
 .debug_ranges  0x00000398       0x18 src/MCAL/UART_2.o
 .debug_ranges  0x000003b0       0x38 src/MCAL/UART_3.o
 .debug_ranges  0x000003e8       0x58 src/Services_layers/Queue.o
 .debug_ranges  0x00000440       0x38 src/Services_layers/Special_Uart_wifi_local.o
 .debug_ranges  0x00000478       0x48 src/Services_layers/Speical_Timer.o
 .debug_ranges  0x000004c0       0x30 src/Services_layers/String_Queue.o
 .debug_ranges  0x000004f0       0x30 src/Services_layers/debug.o
 .debug_ranges  0x00000520       0x10 src/Services_layers/delay.o
 .debug_ranges  0x00000530       0x18 src/main.o
 .debug_ranges  0x00000548       0xa0 src/syscalls.o
 .debug_ranges  0x000005e8       0x20 src/system_stm32f4xx.o
 .debug_ranges  0x00000608       0x20 startup/startup_stm32.o

.debug_macro    0x00000000     0x458d
 .debug_macro   0x00000000      0x1f2 StdPeriph_Driver/src/stm32f4xx_crc.o
 .debug_macro   0x000001f2      0x1fe StdPeriph_Driver/src/stm32f4xx_flash.o
 .debug_macro   0x000003f0      0x416 StdPeriph_Driver/src/stm32f4xx_flash.o
 .debug_macro   0x00000806      0x31a src/BOOT_LOADER/BOOT.o
 .debug_macro   0x00000b20       0xca src/BOOT_LOADER/BOOT.o
 .debug_macro   0x00000bea       0x5e src/BOOT_LOADER/BOOT.o
 .debug_macro   0x00000c48       0x18 src/BOOT_LOADER/BOOT.o
 .debug_macro   0x00000c60       0x35 src/BOOT_LOADER/BOOT.o
 .debug_macro   0x00000c95       0x34 src/BOOT_LOADER/BOOT.o
 .debug_macro   0x00000cc9      0x174 src/BOOT_LOADER/BOOT.o
 .debug_macro   0x00000e3d       0x58 src/BOOT_LOADER/BOOT.o
 .debug_macro   0x00000e95       0x1f src/BOOT_LOADER/BOOT.o
 .debug_macro   0x00000eb4       0x43 src/BOOT_LOADER/BOOT.o
 .debug_macro   0x00000ef7       0x20 src/BOOT_LOADER/BOOT.o
 .debug_macro   0x00000f17      0x18e src/BOOT_LOADER/BOOT.o
 .debug_macro   0x000010a5      0x330 src/BOOT_LOADER/BOOT.o
 .debug_macro   0x000013d5       0x10 src/BOOT_LOADER/BOOT.o
 .debug_macro   0x000013e5       0x35 src/BOOT_LOADER/BOOT.o
 .debug_macro   0x0000141a       0x22 src/BOOT_LOADER/BOOT.o
 .debug_macro   0x0000143c       0x16 src/BOOT_LOADER/BOOT.o
 .debug_macro   0x00001452       0x10 src/BOOT_LOADER/BOOT.o
 .debug_macro   0x00001462       0x10 src/BOOT_LOADER/BOOT.o
 .debug_macro   0x00001472      0x3c2 src/HAL/WIFI_lOCAL.o
 .debug_macro   0x00001834       0x16 src/HAL/WIFI_lOCAL.o
 .debug_macro   0x0000184a       0x97 src/HAL/WIFI_lOCAL.o
 .debug_macro   0x000018e1       0xfd src/HAL/WIFI_lOCAL.o
 .debug_macro   0x000019de       0x10 src/HAL/WIFI_lOCAL.o
 .debug_macro   0x000019ee       0x10 src/HAL/WIFI_lOCAL.o
 .debug_macro   0x000019fe       0x1c src/HAL/WIFI_lOCAL.o
 .debug_macro   0x00001a1a       0x52 src/HAL/WIFI_lOCAL.o
 .debug_macro   0x00001a6c       0x40 src/HAL/WIFI_lOCAL.o
 .debug_macro   0x00001aac       0x10 src/HAL/WIFI_lOCAL.o
 .debug_macro   0x00001abc       0x40 src/HAL/WIFI_lOCAL.o
 .debug_macro   0x00001afc       0xd7 src/HAL/WIFI_lOCAL.o
 .debug_macro   0x00001bd3       0x1c src/HAL/WIFI_lOCAL.o
 .debug_macro   0x00001bef       0x3d src/HAL/WIFI_lOCAL.o
 .debug_macro   0x00001c2c       0x16 src/HAL/WIFI_lOCAL.o
 .debug_macro   0x00001c42      0x16f src/HAL/WIFI_lOCAL.o
 .debug_macro   0x00001db1       0x16 src/HAL/WIFI_lOCAL.o
 .debug_macro   0x00001dc7      0x1f8 src/MCAL/GPIO.o
 .debug_macro   0x00001fbf      0x1f2 src/MCAL/TIMER_5.o
 .debug_macro   0x000021b1      0x20c src/MCAL/TIMER_6.o
 .debug_macro   0x000023bd      0x1f2 src/MCAL/TIMER_7.o
 .debug_macro   0x000025af      0x215 src/MCAL/UART_1.o
 .debug_macro   0x000027c4      0x202 src/MCAL/UART_2.o
 .debug_macro   0x000029c6      0x215 src/MCAL/UART_3.o
 .debug_macro   0x00002bdb       0x6c src/Services_layers/Queue.o
 .debug_macro   0x00002c47      0x2fb src/Services_layers/Special_Uart_wifi_local.o
 .debug_macro   0x00002f42       0x10 src/Services_layers/Special_Uart_wifi_local.o
 .debug_macro   0x00002f52       0x81 src/Services_layers/Speical_Timer.o
 .debug_macro   0x00002fd3      0x201 src/Services_layers/String_Queue.o
 .debug_macro   0x000031d4       0x1c src/Services_layers/String_Queue.o
 .debug_macro   0x000031f0      0x37e src/Services_layers/debug.o
 .debug_macro   0x0000356e       0x11 src/Services_layers/delay.o
 .debug_macro   0x0000357f      0x2ef src/main.o
 .debug_macro   0x0000386e       0x58 src/main.o
 .debug_macro   0x000038c6       0x58 src/main.o
 .debug_macro   0x0000391e       0x94 src/main.o
 .debug_macro   0x000039b2       0x57 src/main.o
 .debug_macro   0x00003a09       0xc4 src/main.o
 .debug_macro   0x00003acd      0x243 src/syscalls.o
 .debug_macro   0x00003d10       0x10 src/syscalls.o
 .debug_macro   0x00003d20       0x10 src/syscalls.o
 .debug_macro   0x00003d30       0x10 src/syscalls.o
 .debug_macro   0x00003d40       0x35 src/syscalls.o
 .debug_macro   0x00003d75      0x122 src/syscalls.o
 .debug_macro   0x00003e97       0x16 src/syscalls.o
 .debug_macro   0x00003ead       0x16 src/syscalls.o
 .debug_macro   0x00003ec3       0x29 src/syscalls.o
 .debug_macro   0x00003eec       0x10 src/syscalls.o
 .debug_macro   0x00003efc      0x241 src/syscalls.o
 .debug_macro   0x0000413d       0x10 src/syscalls.o
 .debug_macro   0x0000414d      0x189 src/syscalls.o
 .debug_macro   0x000042d6       0x16 src/syscalls.o
 .debug_macro   0x000042ec       0x88 src/syscalls.o
 .debug_macro   0x00004374      0x219 src/system_stm32f4xx.o

.debug_line     0x00000000     0x8339
 .debug_line    0x00000000      0x6a7 StdPeriph_Driver/src/stm32f4xx_crc.o
 .debug_line    0x000006a7      0x9b8 StdPeriph_Driver/src/stm32f4xx_flash.o
 .debug_line    0x0000105f      0x927 src/BOOT_LOADER/BOOT.o
 .debug_line    0x00001986      0x95b src/HAL/WIFI_lOCAL.o
 .debug_line    0x000022e1      0x6bf src/MCAL/GPIO.o
 .debug_line    0x000029a0      0x69c src/MCAL/TIMER_5.o
 .debug_line    0x0000303c      0x6d3 src/MCAL/TIMER_6.o
 .debug_line    0x0000370f      0x6c8 src/MCAL/TIMER_7.o
 .debug_line    0x00003dd7      0x733 src/MCAL/UART_1.o
 .debug_line    0x0000450a      0x655 src/MCAL/UART_2.o
 .debug_line    0x00004b5f      0x6ea src/MCAL/UART_3.o
 .debug_line    0x00005249      0x3b0 src/Services_layers/Queue.o
 .debug_line    0x000055f9      0x823 src/Services_layers/Special_Uart_wifi_local.o
 .debug_line    0x00005e1c      0x37a src/Services_layers/Speical_Timer.o
 .debug_line    0x00006196      0x48e src/Services_layers/String_Queue.o
 .debug_line    0x00006624      0x80c src/Services_layers/debug.o
 .debug_line    0x00006e30       0x63 src/Services_layers/delay.o
 .debug_line    0x00006e93      0x7c6 src/main.o
 .debug_line    0x00007659      0x59f src/syscalls.o
 .debug_line    0x00007bf8      0x6c5 src/system_stm32f4xx.o
 .debug_line    0x000082bd       0x7c startup/startup_stm32.o

.debug_str      0x00000000    0x73f9a
 .debug_str     0x00000000    0x6cd0a StdPeriph_Driver/src/stm32f4xx_crc.o
                              0x6cfa2 (size before relaxing)
 .debug_str     0x0006cd0a      0x514 StdPeriph_Driver/src/stm32f4xx_flash.o
                              0x6d419 (size before relaxing)
 .debug_str     0x0006d21e     0x3bae src/BOOT_LOADER/BOOT.o
                              0x70c52 (size before relaxing)
 .debug_str     0x00070dcc     0x1469 src/HAL/WIFI_lOCAL.o
                              0x71379 (size before relaxing)
 .debug_str     0x00072235      0x148 src/MCAL/GPIO.o
                              0x6d18c (size before relaxing)
 .debug_str     0x0007237d       0xe5 src/MCAL/TIMER_5.o
                              0x6d6ea (size before relaxing)
 .debug_str     0x00072462       0x70 src/MCAL/TIMER_6.o
                              0x6d6cd (size before relaxing)
 .debug_str     0x000724d2       0x99 src/MCAL/TIMER_7.o
                              0x6d655 (size before relaxing)
 .debug_str     0x0007256b       0xc6 src/MCAL/UART_1.o
                              0x6d825 (size before relaxing)
 .debug_str     0x00072631       0x30 src/MCAL/UART_2.o
                              0x6d071 (size before relaxing)
 .debug_str     0x00072661       0x8a src/MCAL/UART_3.o
                              0x6d7f6 (size before relaxing)
 .debug_str     0x000726eb       0xd7 src/Services_layers/Queue.o
                               0x3d47 (size before relaxing)
 .debug_str     0x000727c2      0x1ad src/Services_layers/Special_Uart_wifi_local.o
                              0x700a1 (size before relaxing)
 .debug_str     0x0007296f       0xfe src/Services_layers/Speical_Timer.o
                               0x3e19 (size before relaxing)
 .debug_str     0x00072a6d       0x8e src/Services_layers/String_Queue.o
                               0x7e5e (size before relaxing)
 .debug_str     0x00072afb       0x71 src/Services_layers/debug.o
                              0x710d5 (size before relaxing)
 .debug_str     0x00072b6c       0x29 src/Services_layers/delay.o
                               0x2d1d (size before relaxing)
 .debug_str     0x00072b95      0x10e src/main.o
                              0x70413 (size before relaxing)
 .debug_str     0x00072ca3     0x11f5 src/syscalls.o
                               0x85a7 (size before relaxing)
 .debug_str     0x00073e98       0xd9 src/system_stm32f4xx.o
                              0x6d156 (size before relaxing)
 .debug_str     0x00073f71       0x29 startup/startup_stm32.o
                                 0x5a (size before relaxing)

.comment        0x00000000       0x7f
 .comment       0x00000000       0x7f StdPeriph_Driver/src/stm32f4xx_crc.o
                                 0x80 (size before relaxing)
 .comment       0x0000007f       0x80 StdPeriph_Driver/src/stm32f4xx_flash.o
 .comment       0x0000007f       0x80 src/BOOT_LOADER/BOOT.o
 .comment       0x0000007f       0x80 src/HAL/WIFI_lOCAL.o
 .comment       0x0000007f       0x80 src/MCAL/GPIO.o
 .comment       0x0000007f       0x80 src/MCAL/TIMER_5.o
 .comment       0x0000007f       0x80 src/MCAL/TIMER_6.o
 .comment       0x0000007f       0x80 src/MCAL/TIMER_7.o
 .comment       0x0000007f       0x80 src/MCAL/UART_1.o
 .comment       0x0000007f       0x80 src/MCAL/UART_2.o
 .comment       0x0000007f       0x80 src/MCAL/UART_3.o
 .comment       0x0000007f       0x80 src/Services_layers/Queue.o
 .comment       0x0000007f       0x80 src/Services_layers/Special_Uart_wifi_local.o
 .comment       0x0000007f       0x80 src/Services_layers/Speical_Timer.o
 .comment       0x0000007f       0x80 src/Services_layers/String_Queue.o
 .comment       0x0000007f       0x80 src/Services_layers/debug.o
 .comment       0x0000007f       0x80 src/Services_layers/delay.o
 .comment       0x0000007f       0x80 src/main.o
 .comment       0x0000007f       0x80 src/syscalls.o
 .comment       0x0000007f       0x80 src/system_stm32f4xx.o

.debug_frame    0x00000000     0x269c
 .debug_frame   0x00000000       0xe8 StdPeriph_Driver/src/stm32f4xx_crc.o
 .debug_frame   0x000000e8      0x5b4 StdPeriph_Driver/src/stm32f4xx_flash.o
 .debug_frame   0x0000069c      0x178 src/BOOT_LOADER/BOOT.o
 .debug_frame   0x00000814      0x200 src/HAL/WIFI_lOCAL.o
 .debug_frame   0x00000a14      0x178 src/MCAL/GPIO.o
 .debug_frame   0x00000b8c       0xe8 src/MCAL/TIMER_5.o
 .debug_frame   0x00000c74       0xe8 src/MCAL/TIMER_6.o
 .debug_frame   0x00000d5c      0x138 src/MCAL/TIMER_7.o
 .debug_frame   0x00000e94      0x120 src/MCAL/UART_1.o
 .debug_frame   0x00000fb4       0x4c src/MCAL/UART_2.o
 .debug_frame   0x00001000       0xd4 src/MCAL/UART_3.o
 .debug_frame   0x000010d4      0x190 src/Services_layers/Queue.o
 .debug_frame   0x00001264       0xd0 src/Services_layers/Special_Uart_wifi_local.o
 .debug_frame   0x00001334      0x144 src/Services_layers/Speical_Timer.o
 .debug_frame   0x00001478       0xd0 src/Services_layers/String_Queue.o
 .debug_frame   0x00001548       0xd0 src/Services_layers/debug.o
 .debug_frame   0x00001618       0x38 src/Services_layers/delay.o
 .debug_frame   0x00001650       0x48 src/main.o
 .debug_frame   0x00001698      0x2d0 src/syscalls.o
 .debug_frame   0x00001968       0x7c src/system_stm32f4xx.o
 .debug_frame   0x000019e4       0x20 e:/asc/plugins/fr.ac6.mcu.externaltools.arm-none.win32_1.17.0.201812190825/tools/compiler/bin/../lib/gcc/arm-none-eabi/7.3.1/../../../../arm-none-eabi/lib/thumb/v7e-m/fpv4-sp/hard\libc.a(lib_a-errno.o)
 .debug_frame   0x00001a04       0x2c e:/asc/plugins/fr.ac6.mcu.externaltools.arm-none.win32_1.17.0.201812190825/tools/compiler/bin/../lib/gcc/arm-none-eabi/7.3.1/../../../../arm-none-eabi/lib/thumb/v7e-m/fpv4-sp/hard\libc.a(lib_a-init.o)
 .debug_frame   0x00001a30       0x38 e:/asc/plugins/fr.ac6.mcu.externaltools.arm-none.win32_1.17.0.201812190825/tools/compiler/bin/../lib/gcc/arm-none-eabi/7.3.1/../../../../arm-none-eabi/lib/thumb/v7e-m/fpv4-sp/hard\libc.a(lib_a-memcmp.o)
 .debug_frame   0x00001a68       0x38 e:/asc/plugins/fr.ac6.mcu.externaltools.arm-none.win32_1.17.0.201812190825/tools/compiler/bin/../lib/gcc/arm-none-eabi/7.3.1/../../../../arm-none-eabi/lib/thumb/v7e-m/fpv4-sp/hard\libc.a(lib_a-memset.o)
 .debug_frame   0x00001aa0       0x80 e:/asc/plugins/fr.ac6.mcu.externaltools.arm-none.win32_1.17.0.201812190825/tools/compiler/bin/../lib/gcc/arm-none-eabi/7.3.1/../../../../arm-none-eabi/lib/thumb/v7e-m/fpv4-sp/hard\libc.a(lib_a-sprintf.o)
 .debug_frame   0x00001b20       0x40 e:/asc/plugins/fr.ac6.mcu.externaltools.arm-none.win32_1.17.0.201812190825/tools/compiler/bin/../lib/gcc/arm-none-eabi/7.3.1/../../../../arm-none-eabi/lib/thumb/v7e-m/fpv4-sp/hard\libc.a(lib_a-svfprintf.o)
 .debug_frame   0x00001b60       0x5c e:/asc/plugins/fr.ac6.mcu.externaltools.arm-none.win32_1.17.0.201812190825/tools/compiler/bin/../lib/gcc/arm-none-eabi/7.3.1/../../../../arm-none-eabi/lib/thumb/v7e-m/fpv4-sp/hard\libc.a(lib_a-__call_atexit.o)
 .debug_frame   0x00001bbc       0x20 e:/asc/plugins/fr.ac6.mcu.externaltools.arm-none.win32_1.17.0.201812190825/tools/compiler/bin/../lib/gcc/arm-none-eabi/7.3.1/../../../../arm-none-eabi/lib/thumb/v7e-m/fpv4-sp/hard\libc.a(lib_a-atexit.o)
 .debug_frame   0x00001bdc       0x88 e:/asc/plugins/fr.ac6.mcu.externaltools.arm-none.win32_1.17.0.201812190825/tools/compiler/bin/../lib/gcc/arm-none-eabi/7.3.1/../../../../arm-none-eabi/lib/thumb/v7e-m/fpv4-sp/hard\libc.a(lib_a-dtoa.o)
 .debug_frame   0x00001c64       0x34 e:/asc/plugins/fr.ac6.mcu.externaltools.arm-none.win32_1.17.0.201812190825/tools/compiler/bin/../lib/gcc/arm-none-eabi/7.3.1/../../../../arm-none-eabi/lib/thumb/v7e-m/fpv4-sp/hard\libc.a(lib_a-fini.o)
 .debug_frame   0x00001c98       0x80 e:/asc/plugins/fr.ac6.mcu.externaltools.arm-none.win32_1.17.0.201812190825/tools/compiler/bin/../lib/gcc/arm-none-eabi/7.3.1/../../../../arm-none-eabi/lib/thumb/v7e-m/fpv4-sp/hard\libc.a(lib_a-freer.o)
 .debug_frame   0x00001d18       0x40 e:/asc/plugins/fr.ac6.mcu.externaltools.arm-none.win32_1.17.0.201812190825/tools/compiler/bin/../lib/gcc/arm-none-eabi/7.3.1/../../../../arm-none-eabi/lib/thumb/v7e-m/fpv4-sp/hard\libc.a(lib_a-localeconv.o)
 .debug_frame   0x00001d58       0xb0 e:/asc/plugins/fr.ac6.mcu.externaltools.arm-none.win32_1.17.0.201812190825/tools/compiler/bin/../lib/gcc/arm-none-eabi/7.3.1/../../../../arm-none-eabi/lib/thumb/v7e-m/fpv4-sp/hard\libc.a(lib_a-lock.o)
 .debug_frame   0x00001e08       0x54 e:/asc/plugins/fr.ac6.mcu.externaltools.arm-none.win32_1.17.0.201812190825/tools/compiler/bin/../lib/gcc/arm-none-eabi/7.3.1/../../../../arm-none-eabi/lib/thumb/v7e-m/fpv4-sp/hard\libc.a(lib_a-mallocr.o)
 .debug_frame   0x00001e5c       0x30 e:/asc/plugins/fr.ac6.mcu.externaltools.arm-none.win32_1.17.0.201812190825/tools/compiler/bin/../lib/gcc/arm-none-eabi/7.3.1/../../../../arm-none-eabi/lib/thumb/v7e-m/fpv4-sp/hard\libc.a(lib_a-mlock.o)
 .debug_frame   0x00001e8c      0x25c e:/asc/plugins/fr.ac6.mcu.externaltools.arm-none.win32_1.17.0.201812190825/tools/compiler/bin/../lib/gcc/arm-none-eabi/7.3.1/../../../../arm-none-eabi/lib/thumb/v7e-m/fpv4-sp/hard\libc.a(lib_a-mprec.o)
 .debug_frame   0x000020e8       0x2c e:/asc/plugins/fr.ac6.mcu.externaltools.arm-none.win32_1.17.0.201812190825/tools/compiler/bin/../lib/gcc/arm-none-eabi/7.3.1/../../../../arm-none-eabi/lib/thumb/v7e-m/fpv4-sp/hard\libc.a(lib_a-s_frexp.o)
 .debug_frame   0x00002114       0x2c e:/asc/plugins/fr.ac6.mcu.externaltools.arm-none.win32_1.17.0.201812190825/tools/compiler/bin/../lib/gcc/arm-none-eabi/7.3.1/../../../../arm-none-eabi/lib/thumb/v7e-m/fpv4-sp/hard\libc.a(lib_a-sbrkr.o)
 .debug_frame   0x00002140       0x34 e:/asc/plugins/fr.ac6.mcu.externaltools.arm-none.win32_1.17.0.201812190825/tools/compiler/bin/../lib/gcc/arm-none-eabi/7.3.1/../../../../arm-none-eabi/lib/thumb/v7e-m/fpv4-sp/hard\libc.a(lib_a-strncpy.o)
 .debug_frame   0x00002174       0x74 e:/asc/plugins/fr.ac6.mcu.externaltools.arm-none.win32_1.17.0.201812190825/tools/compiler/bin/../lib/gcc/arm-none-eabi/7.3.1/../../../../arm-none-eabi/lib/thumb/v7e-m/fpv4-sp/hard\libc.a(lib_a-svfiprintf.o)
 .debug_frame   0x000021e8       0x34 e:/asc/plugins/fr.ac6.mcu.externaltools.arm-none.win32_1.17.0.201812190825/tools/compiler/bin/../lib/gcc/arm-none-eabi/7.3.1/../../../../arm-none-eabi/lib/thumb/v7e-m/fpv4-sp/hard\libc.a(lib_a-__atexit.o)
 .debug_frame   0x0000221c       0x28 e:/asc/plugins/fr.ac6.mcu.externaltools.arm-none.win32_1.17.0.201812190825/tools/compiler/bin/../lib/gcc/arm-none-eabi/7.3.1/../../../../arm-none-eabi/lib/thumb/v7e-m/fpv4-sp/hard\libc.a(lib_a-callocr.o)
 .debug_frame   0x00002244       0x6c e:/asc/plugins/fr.ac6.mcu.externaltools.arm-none.win32_1.17.0.201812190825/tools/compiler/bin/../lib/gcc/arm-none-eabi/7.3.1/../../../../arm-none-eabi/lib/thumb/v7e-m/fpv4-sp/hard\libc.a(lib_a-locale.o)
 .debug_frame   0x000022b0       0x4c e:/asc/plugins/fr.ac6.mcu.externaltools.arm-none.win32_1.17.0.201812190825/tools/compiler/bin/../lib/gcc/arm-none-eabi/7.3.1/../../../../arm-none-eabi/lib/thumb/v7e-m/fpv4-sp/hard\libc.a(lib_a-mbtowc_r.o)
 .debug_frame   0x000022fc       0x40 e:/asc/plugins/fr.ac6.mcu.externaltools.arm-none.win32_1.17.0.201812190825/tools/compiler/bin/../lib/gcc/arm-none-eabi/7.3.1/../../../../arm-none-eabi/lib/thumb/v7e-m/fpv4-sp/hard\libc.a(lib_a-memmove.o)
 .debug_frame   0x0000233c       0x58 e:/asc/plugins/fr.ac6.mcu.externaltools.arm-none.win32_1.17.0.201812190825/tools/compiler/bin/../lib/gcc/arm-none-eabi/7.3.1/../../../../arm-none-eabi/lib/thumb/v7e-m/fpv4-sp/hard\libc.a(lib_a-reallocr.o)
 .debug_frame   0x00002394       0x68 e:/asc/plugins/fr.ac6.mcu.externaltools.arm-none.win32_1.17.0.201812190825/tools/compiler/bin/../lib/gcc/arm-none-eabi/7.3.1/../../../../arm-none-eabi/lib/thumb/v7e-m/fpv4-sp/hard\libc.a(lib_a-reent.o)
 .debug_frame   0x000023fc       0x3c e:/asc/plugins/fr.ac6.mcu.externaltools.arm-none.win32_1.17.0.201812190825/tools/compiler/bin/../lib/gcc/arm-none-eabi/7.3.1/../../../../arm-none-eabi/lib/thumb/v7e-m/fpv4-sp/hard\libc.a(lib_a-wctomb_r.o)
 .debug_frame   0x00002438       0xac e:/asc/plugins/fr.ac6.mcu.externaltools.arm-none.win32_1.17.0.201812190825/tools/compiler/bin/../lib/gcc/arm-none-eabi/7.3.1/thumb/v7e-m/fpv4-sp/hard\libgcc.a(_arm_addsubdf3.o)
 .debug_frame   0x000024e4       0x50 e:/asc/plugins/fr.ac6.mcu.externaltools.arm-none.win32_1.17.0.201812190825/tools/compiler/bin/../lib/gcc/arm-none-eabi/7.3.1/thumb/v7e-m/fpv4-sp/hard\libgcc.a(_arm_muldivdf3.o)
 .debug_frame   0x00002534       0xc4 e:/asc/plugins/fr.ac6.mcu.externaltools.arm-none.win32_1.17.0.201812190825/tools/compiler/bin/../lib/gcc/arm-none-eabi/7.3.1/thumb/v7e-m/fpv4-sp/hard\libgcc.a(_arm_cmpdf2.o)
 .debug_frame   0x000025f8       0x20 e:/asc/plugins/fr.ac6.mcu.externaltools.arm-none.win32_1.17.0.201812190825/tools/compiler/bin/../lib/gcc/arm-none-eabi/7.3.1/thumb/v7e-m/fpv4-sp/hard\libgcc.a(_arm_unorddf2.o)
 .debug_frame   0x00002618       0x24 e:/asc/plugins/fr.ac6.mcu.externaltools.arm-none.win32_1.17.0.201812190825/tools/compiler/bin/../lib/gcc/arm-none-eabi/7.3.1/thumb/v7e-m/fpv4-sp/hard\libgcc.a(_arm_fixdfsi.o)
 .debug_frame   0x0000263c       0x2c e:/asc/plugins/fr.ac6.mcu.externaltools.arm-none.win32_1.17.0.201812190825/tools/compiler/bin/../lib/gcc/arm-none-eabi/7.3.1/thumb/v7e-m/fpv4-sp/hard\libgcc.a(_aeabi_uldivmod.o)